******************************************************************************
                  TI ARM Linker PC v18.1.4                     
******************************************************************************
>> Linked Wed Dec 12 14:36:10 2018

OUTPUT FILE NAME:   <empty_CC1352P_4_LAUNCHXL_tirtos_ccs.out>
ENTRY POINT SYMBOL: "ResetISR"  address: 00003c21


MEMORY CONFIGURATION

         name            origin    length      used     unused   attr    fill
----------------------  --------  ---------  --------  --------  ----  --------
  FLASH                 00000000   00058000  00005d40  000522c0  R  X
  GPRAM                 11000000   00002000  00000000  00002000  RW X
  SRAM                  20000000   00014000  000021e9  00011e17  RW X


SEGMENT ALLOCATION MAP

run origin  load origin   length   init length attrs members
----------  ----------- ---------- ----------- ----- -------
00000000    00000000    00005ce8   00005ce8    r-x
  00000000    00000000    0000003c   0000003c    r-- .resetVecs
  0000003c    0000003c    000053f8   000053f8    r-x .text
  00005434    00005434    0000066c   0000066c    r-- .const
  00005aa0    00005aa0    00000248   00000248    r-- .cinit
00057fa8    00057fa8    00000058   00000058    r--
  00057fa8    00057fa8    00000058   00000058    r-- .ccfg
20000100    20000100    0000000c   00000000    rw-
  20000100    20000100    00000004   00000000    rw- .data:xdcRomConstPtr
  20000104    20000104    00000004   00000000    rw- .data:xdcRomExternFuncPtr
  20000108    20000108    00000004   00000000    rw- .data:xdcRomStatePtr
20000110    20000110    00001000   00000000    r--
  20000110    20000110    00001000   00000000    r-- .priheap
20001110    20001110    00000d05   00000000    rw-
  20001110    20001110    000006e0   00000000    rw- .data
  200017f0    200017f0    00000625   00000000    rw- .bss
20013c00    20013c00    00000400   00000000    rw-
  20013c00    20013c00    00000400   00000000    rw- .stack


SECTION ALLOCATION MAP

 output                                  attributes/
section   page    origin      length       input sections
--------  ----  ----------  ----------   ----------------
.binit     0    00000000    00000000     

.cinit     0    00005aa0    00000248     
                  00005aa0    000001f1     (.cinit..data.load) [load image, compression = lzss]
                  00005c91    00000003     --HOLE-- [fill = 0]
                  00005c94    0000000c     (__TI_handler_table)
                  00005ca0    00000008     (.cinit..bss.load) [load image, compression = zero_init]
                  00005ca8    00000008     (.cinit..data:xdcRomConstPtr.load) [load image, compression = lzss]
                  00005cb0    00000008     (.cinit..data:xdcRomExternFuncPtr.load) [load image, compression = lzss]
                  00005cb8    00000008     (.cinit..data:xdcRomStatePtr.load) [load image, compression = lzss]
                  00005cc0    00000028     (__TI_cinit_table)

.init_array 
*          0    00000000    00000000     UNINITIALIZED

.ccfg      0    00057fa8    00000058     
                  00057fa8    00000058     ccfg.obj (.ccfg:retain)

.data      0    20001110    000006e0     UNINITIALIZED
                  20001110    00000108     release_pem4f.oem4f (.data:ROM_stateStruct)
                  20001218    000000f0     rtsv7M4_T_le_v4SPD16_eabi.lib : defs.c.obj (.data:_ftable)
                  20001308    000000c8     drivers_cc13x2_v1.aem4f : PowerCC26X2.oem4f (.data:PowerCC26X2_module)
                  200013d0    00000088     rom_sysbios.aem4f : rom_sysbios.obj (.data:$O1$$)
                  20001458    00000078     rtsv7M4_T_le_v4SPD16_eabi.lib : write.c.obj (.data:_device)
                  200014d0    00000054     release_pem4f.oem4f (.data:ti_sysbios_gates_GateMutex_Object__table__V)
                  20001524    00000050     rtsv7M4_T_le_v4SPD16_eabi.lib : write.c.obj (.data:_stream)
                  20001574    0000004c     release_pem4f.oem4f (.data:ti_sysbios_knl_Task_Object__table__V)
                  200015c0    00000048     release_pem4f.oem4f (.data:ti_sysbios_family_arm_cc26xx_Timer_Object__table__V)
                  20001608    00000030     release_pem4f.oem4f (.data:ti_sysbios_knl_Swi_Module_State_0_readyQ__A)
                  20001638    00000030     release_pem4f.oem4f (.data:ti_sysbios_knl_Swi_Object__table__V)
                  20001668    00000030     release_pem4f.oem4f (.data:ti_sysbios_knl_Task_Module_State_0_readyQ__A)
                  20001698    00000028     CC1352P_4_LAUNCHXL.obj (.data:gpioPinConfigs)
                  200016c0    00000020     release_pem4f.oem4f (.data:ti_sysbios_knl_Clock_Object__table__V)
                  200016e0    00000020     release_pem4f.oem4f (.data:xdc_runtime_Error_IgnoreBlock)
                  20001700    00000018     release_pem4f.oem4f (.data:ti_sysbios_family_arm_m3_Hwi_Object__table__V)
                  20001718    00000018     release_pem4f.oem4f (.data:ti_sysbios_heaps_HeapMem_Object__table__V)
                  20001730    00000010     CC1352P_4_LAUNCHXL.obj (.data:gpioCallbackFunctions)
                  20001740    00000010     rtsv7M4_T_le_v4SPD16_eabi.lib : defs.c.obj (.data)
                  20001750    0000000c                                   : exit.c.obj (.data:$O1$$)
                  2000175c    00000008                                   : _lock.c.obj (.data:$O1$$)
                  20001764    00000008     drivers_cc13x2_v1.aem4f : PINCC26XX.oem4f (.data)
                  2000176c    00000008     release_pem4f.oem4f (.data:ti_sysbios_family_arm_m3_Hwi_Module__root__V)
                  20001774    00000008     release_pem4f.oem4f (.data:ti_sysbios_gates_GateHwi_Module__root__V)
                  2000177c    00000008     release_pem4f.oem4f (.data:ti_sysbios_gates_GateMutex_Module__root__V)
                  20001784    00000008     release_pem4f.oem4f (.data:ti_sysbios_hal_Hwi_Module__root__V)
                  2000178c    00000008     release_pem4f.oem4f (.data:ti_sysbios_heaps_HeapMem_Module__root__V)
                  20001794    00000008     release_pem4f.oem4f (.data:ti_sysbios_knl_Clock_Module__root__V)
                  2000179c    00000008     release_pem4f.oem4f (.data:ti_sysbios_knl_Event_Module__root__V)
                  200017a4    00000008     release_pem4f.oem4f (.data:ti_sysbios_knl_Mailbox_Module__root__V)
                  200017ac    00000008     release_pem4f.oem4f (.data:ti_sysbios_knl_Queue_Module__root__V)
                  200017b4    00000008     release_pem4f.oem4f (.data:ti_sysbios_knl_Semaphore_Module__root__V)
                  200017bc    00000008     release_pem4f.oem4f (.data:ti_sysbios_knl_Swi_Module__root__V)
                  200017c4    00000008     release_pem4f.oem4f (.data:ti_sysbios_knl_Task_Module__root__V)
                  200017cc    00000008     release_pem4f.oem4f (.data:xdc_runtime_System_Module_State_0_atexitHandlers__A)
                  200017d4    00000005     drivers_cc13x2_v1.aem4f : GPIOCC26XX.oem4f (.data)
                  200017d9    00000001     --HOLE--
                  200017da    00000002     release_pem4f.oem4f (.data:ti_sysbios_family_arm_m3_Hwi_Module_State_0_excActive__A)
                  200017dc    00000004     drivers_cc13x2_v1.aem4f : GPIOCC26XX.oem4f (.data:gpioPinTable)
                  200017e0    00000004     rtsv7M4_T_le_v4SPD16_eabi.lib : stkdepth_vars.c.obj (.data)
                  200017e4    00000004     release_pem4f.oem4f (.data:ti_sysbios_family_arm_m3_Hwi_Module_State_0_excContext__A)
                  200017e8    00000004     release_pem4f.oem4f (.data:ti_sysbios_family_arm_m3_Hwi_Module_State_0_excStack__A)
                  200017ec    00000004     release_pem4f.oem4f (.data:ti_sysbios_knl_Task_Module_State_0_idleTask__A)

.bss       0    200017f0    00000625     UNINITIALIZED
                  200017f0    00000200     release_pem4f.oem4f (.bss:taskStackSection)
                  200019f0    00000120     rtsv7M4_T_le_v4SPD16_eabi.lib : trgmsg.c.obj (.bss:_CIOBUF_)
                  20001b10    000000d8     (.common:ti_sysbios_family_arm_m3_Hwi_dispatchTable)
                  20001be8    000000a0     (.common:__TI_tmpnams)
                  20001c88    0000007c     (.common:pinHandleTable)
                  20001d04    00000034     drivers_cc13x2_v1.aem4f : PINCC26XX.oem4f (.bss:pinSwi)
                  20001d38    00000020                             : GPIOCC26XX.oem4f (.bss:gpioCallbackInfo)
                  20001d58    00000020                             : PINCC26XX.oem4f (.bss:pinGpioConfigTable)
                  20001d78    0000001c                             : PINCC26XX.oem4f (.bss:pinHwi)
                  20001d94    0000001c                             : PINCC26XX.oem4f (.bss:pinSemaphore)
                  20001db0    00000014     driverlib.lib : osc.obj (.bss:oscHfGlobals)
                  20001dc4    00000014     drivers_cc13x2_v1.aem4f : GPIOCC26XX.oem4f (.bss:powerNotifyObj)
                  20001dd8    0000000c     CC1352P_4_LAUNCHXL_fxns.obj (.bss:antennaState)
                  20001de4    0000000c     drivers_cc13x2_v1.aem4f : GPIOCC26XX.oem4f (.bss:gpioPinState)
                  20001df0    00000008                             : GPIOCC26XX.oem4f (.bss)
                  20001df8    00000008     (.common:parmbuf)
                  20001e00    00000004     CC1352P_4_LAUNCHXL_fxns.obj (.bss)
                  20001e04    00000004     drivers_cc13x2_v1.aem4f : PINCC26XX.oem4f (.bss)
                  20001e08    00000004     (.common:ClockP_tickPeriod)
                  20001e0c    00000004     (.common:PowerCC26XX_swiKey)
                  20001e10    00000004     (.common:PowerCC26XX_taskKey)
                  20001e14    00000001     (.common:driverlib_release_0_52354)

.stack     0    20013c00    00000400     UNINITIALIZED
                  20013c00    00000400     --HOLE--

.priheap   0    20000110    00001000     UNINITIALIZED
                  20000110    00001000     --HOLE--

.data:xdcRomConstPtr 
*          0    20000100    00000004     UNINITIALIZED
                  20000100    00000004     release_pem4f.oem4f (.data:xdcRomConstPtr)

.data:xdcRomExternFuncPtr 
*          0    20000104    00000004     UNINITIALIZED
                  20000104    00000004     release_pem4f.oem4f (.data:xdcRomExternFuncPtr)

.data:xdcRomStatePtr 
*          0    20000108    00000004     UNINITIALIZED
                  20000108    00000004     release_pem4f.oem4f (.data:xdcRomStatePtr)

.bootVecs 
*          0    00000000    00000008     DSECT
                  00000000    00000008     boot.aem4f : boot.oem4f (.bootVecs)

.resetVecs 
*          0    00000000    0000003c     
                  00000000    0000003c     release_pem4f.oem4f (.resetVecs)

.vecs      0    20000000    000000d8     NOLOAD SECTION
                  20000000    000000d8     release_pem4f.oem4f (.vecs)

xdc.meta   0    00000000    0000010b     COPY SECTION
                  00000000    0000010b     release_pem4f.oem4f (xdc.meta)

xdc.noload 
*          0    00000000    00000000     COPY SECTION

.text      0    0000003c    000053f8     
                  0000003c    00000a5e     rtsv7M4_T_le_v4SPD16_eabi.lib : _printfi.c.obj (.text:__TI_printfi)
                  00000a9a    00000002                                   : _lock.c.obj (.text:_nop)
                  00000a9c    00000270                                   : _printfi.c.obj (.text:_pconv_a)
                  00000d0c    000001d0                                   : _printfi.c.obj (.text:_pconv_g)
                  00000edc    000001c0     drivers_cc13x2_v1.aem4f : PINCC26XX.oem4f (.text:PIN_init)
                  0000109c    000001b6     rtsv7M4_T_le_v4SPD16_eabi.lib : fd_add_t2.asm.obj (.text)
                  00001252    00000002     drivers_cc13x2_v1.aem4f : PowerCC26X2.oem4f (.text:emptyClockFunc)
                  00001254    000001a4                             : PowerCC26X2.oem4f (.text:Power_sleep)
                  000013f8    00000194                             : PowerCC26X2_calibrateRCOSC.oem4f (.text:runCalibrateFsm)
                  0000158c    0000015c                             : PowerCC26X2_calibrateRCOSC.oem4f (.text:calibrateRcoscHf1)
                  000016e8    00000148     driverlib.lib : setup.obj (.text:TrimAfterColdResetWakeupFromShutDown)
                  00001830    0000013c     rtsv7M4_T_le_v4SPD16_eabi.lib : _printfi.c.obj (.text:_pconv_e)
                  0000196c    00000136                                   : fd_div_t2.asm.obj (.text)
                  00001aa2    00000002                                   : div0.asm.obj (.text)
                  00001aa4    00000130     drivers_cc13x2_v1.aem4f : PowerCC26X2.oem4f (.text:Power_init)
                  00001bd4    00000124     rtsv7M4_T_le_v4SPD16_eabi.lib : _printfi.c.obj (.text:fcvt)
                  00001cf8    00000118     driverlib.lib : sys_ctrl.obj (.text:NOROM_SysCtrlStandby)
                  00001e10    00000114     rtsv7M4_T_le_v4SPD16_eabi.lib : fputs.c.obj (.text:fputs)
                  00001f24    00000110                                   : s_scalbn.c.obj (.text:scalbn)
                  00002034    00000100     drivers_cc13x2_v1.aem4f : GPIOCC26XX.oem4f (.text:GPIO_setConfig)
                  00002134    000000fc     rtsv7M4_T_le_v4SPD16_eabi.lib : fd_mul_t2.asm.obj (.text)
                  00002230    000000e4     rom_sysbios.aem4f : rom_sysbios.obj (.text:pthread_create)
                  00002314    000000e0     drivers_cc13x2_v1.aem4f : PINCC26XX.oem4f (.text:PINCC26XX_setIoCfg)
                  000023f4    000000dc     rtsv7M4_T_le_v4SPD16_eabi.lib : setvbuf.c.obj (.text:setvbuf)
                  000024d0    000000d8     drivers_cc13x2_v1.aem4f : GPIOCC26XX.oem4f (.text:GPIO_init)
                  000025a8    000000c8                             : PowerCC26X2.oem4f (.text:Power_releaseDependency)
                  00002670    000000c4                             : PowerCC26X2.oem4f (.text:Power_setDependency)
                  00002734    000000b4     dpl_cc13x2_v1.aem4f : PowerCC26X2_tirtos.oem4f (.text:PowerCC26XX_standbyPolicy)
                  000027e8    000000b1     rtsv7M4_T_le_v4SPD16_eabi.lib : _printfi.c.obj (.text:_ltostr)
                  00002899    00000001     --HOLE-- [fill = 0]
                  0000289a    00000002     release_pem4f.oem4f (.text:ti_sysbios_BIOS_nullFunc__I)
                  0000289c    000000a0     auto_init.aem4f : auto_init.oem4f (.text)
                  0000293c    000000a0     rom_sysbios.aem4f : rom_sysbios.obj (.text:ti_sysbios_knl_Task_setPri__E)
                  000029dc    0000009e     empty.obj (.text:mainThread)
                  00002a7a    0000009c     rtsv7M4_T_le_v4SPD16_eabi.lib : memcpy_t2.asm.obj (.text)
                  00002b16    00000002     release_pem4f.oem4f (.text:ti_sysbios_rom_cortexm_cc26xx_agama_CC26xx_badRomRevision__E)
                  00002b18    00000098     driverlib.lib : setup.obj (.text:NOROM_SetupTrimDevice)
                  00002bb0    00000098     rom_sysbios.aem4f : rom_sysbios.obj (.text:ti_sysbios_knl_Clock_workFuncDynamic__E)
                  00002c48    00000096     rtsv7M4_T_le_v4SPD16_eabi.lib : ull_div_t2.asm.obj (.text)
                  00002cde    00000002     rom_sysbios.aem4f : rom_sysbios.obj (.text:xdc_runtime_SysCallback_defaultAbort)
                  00002ce0    00000094     drivers_cc13x2_v1.aem4f : PINCC26XX.oem4f (.text:PIN_open)
                  00002d74    0000008c     rtsv7M4_T_le_v4SPD16_eabi.lib : fputc.c.obj (.text:fputc)
                  00002e00    00000088     driverlib.lib : osc.obj (.text:NOROM_OSCHF_AttemptToSwitchToXosc)
                  00002e88    00000088     rom_sysbios.aem4f : rom_sysbios.obj (.text:_pthread_removeThreadKeys)
                  00002f10    00000088     drivers_cc13x2_v1.aem4f : PowerCC26X2_calibrateRCOSC.oem4f (.text:calibrateRcoscHf2)
                  00002f98    00000086     rtsv7M4_T_le_v4SPD16_eabi.lib : fd_cmp_t2.asm.obj (.text:__aeabi_cdcmple)
                  0000301e    00000086                                   : fd_cmp_t2.asm.obj (.text:__aeabi_cdrcmple)
                  000030a4    00000084     CC1352P_4_LAUNCHXL_fxns.obj (.text:CC1352P_4_LAUNCHXL_sendExtFlashByte)
                  00003128    00000080     driverlib.lib : setup_rom.obj (.text:NOROM_SetupStepVddrTrimTo)
                  000031a8    00000080     rom_sysbios.aem4f : rom_sysbios.obj (.text:ti_sysbios_family_arm_cc26xx_Timer_start__E)
                  00003228    0000007c     drivers_cc13x2_v1.aem4f : PowerCC26X2_calibrateRCOSC.oem4f (.text:updateSubSecInc)
                  000032a4    0000007a     rtsv7M4_T_le_v4SPD16_eabi.lib : memset_t2.asm.obj (.text)
                  0000331e    00000002     rom_sysbios.aem4f : rom_sysbios.obj (.text:xdc_runtime_SysCallback_defaultExit)
                  00003320    00000074     drivers_cc13x2_v1.aem4f : PowerCC26X2_calibrateRCOSC.oem4f (.text:PowerCC26X2_auxISR)
                  00003394    00000074     rtsv7M4_T_le_v4SPD16_eabi.lib : fclose.c.obj (.text:__TI_closefile)
                  00003408    0000006e                                   : _printfi.c.obj (.text:_mcpy)
                  00003476    00000002     rom_sysbios.aem4f : rom_sysbios.obj (.text:xdc_runtime_SysCallback_defaultFlush)
                  00003478    0000006c     driverlib.lib : setup_rom.obj (.text:NOROM_SetupAfterColdResetWakeupFromShutDownCfg1)
                  000034e4    0000006c     drivers_cc13x2_v1.aem4f : PINCC26XX.oem4f (.text:PIN_add)
                  00003550    00000068     rtsv7M4_T_le_v4SPD16_eabi.lib : hostlseek.c.obj (.text:HOSTlseek)
                  000035b8    00000068                                   : hostrename.c.obj (.text:HOSTrename)
                  00003620    00000068     driverlib.lib : osc.obj (.text:NOROM_OSCHF_SwitchToRcOscTurnOffXosc)
                  00003688    00000068     rtsv7M4_T_le_v4SPD16_eabi.lib : copy_decompress_lzss.c.obj (.text:decompress:lzss:__TI_decompress_lzss)
                  000036f0    00000068                                   : printf.c.obj (.text:printf)
                  00003758    00000064                                   : s_frexp.c.obj (.text:frexp)
                  000037bc    00000064                                   : fseek.c.obj (.text:fseek)
                  00003820    00000064     main_tirtos.obj (.text:main)
                  00003884    00000062     rtsv7M4_T_le_v4SPD16_eabi.lib : _io_perm.c.obj (.text:__TI_wrt_ok)
                  000038e6    00000002     rom_sysbios.aem4f : rom_sysbios.obj (.text:xdc_runtime_SysCallback_defaultPutch)
                  000038e8    00000060     drivers_cc13x2_v1.aem4f : GPIOCC26XX.oem4f (.text:GPIO_write)
                  00003948    00000060     rtsv7M4_T_le_v4SPD16_eabi.lib : hostopen.c.obj (.text:HOSTopen)
                  000039a8    0000005c     drivers_cc13x2_v1.aem4f : PINCC26XX.oem4f (.text:PIN_remove)
                  00003a04    0000005c     rtsv7M4_T_le_v4SPD16_eabi.lib : close.c.obj (.text:close)
                  00003a60    0000005c     rom_sysbios.aem4f : rom_sysbios.obj (.text:ti_sysbios_heaps_HeapMem_initPrimary__I)
                  00003abc    0000005c     release_pem4f.oem4f (.text:xdc_runtime_Startup_getState__I)
                  00003b18    00000058     rtsv7M4_T_le_v4SPD16_eabi.lib : hostread.c.obj (.text:HOSTread)
                  00003b70    00000058                                   : hostwrite.c.obj (.text:HOSTwrite)
                  00003bc8    00000058     drivers_cc13x2_v1.aem4f : PowerCC26X2_calibrateRCOSC.oem4f (.text:PowerCC26X2_initiateCalibration)
                  00003c20    00000058     boot.aem4f : boot.oem4f (.text)
                  00003c78    00000058     drivers_cc13x2_v1.aem4f : PowerCC26X2.oem4f (.text:disableLFClockQualifiers)
                  00003cd0    00000058     rom_sysbios.aem4f : rom_sysbios.obj (.text:pthread_exit)
                  00003d28    00000056     rtsv7M4_T_le_v4SPD16_eabi.lib : _printfi.c.obj (.text:_pconv_f)
                  00003d7e    00000054                                   : ltoa.c.obj (.text:ltoa)
                  00003dd2    00000002     --HOLE-- [fill = 0]
                  00003dd4    00000054     drivers_cc13x2_v1.aem4f : GPIOCC26XX.oem4f (.text:powerPostNotify)
                  00003e28    00000052     rtsv7M4_T_le_v4SPD16_eabi.lib : _printfi.c.obj (.text:_ecpy)
                  00003e7a    00000002     --HOLE-- [fill = 0]
                  00003e7c    00000050     dpl_cc13x2_v1.aem4f : ClockP_tirtos.oem4f (.text:ClockP_construct)
                  00003ecc    00000050     drivers_cc13x2_v1.aem4f : GPIOCC26XX.oem4f (.text:GPIO_enableInt)
                  00003f1c    00000050     driverlib.lib : chipinfo.obj (.text:NOROM_ChipInfo_GetChipType)
                  00003f6c    00000050     drivers_cc13x2_v1.aem4f : PowerCC26X2.oem4f (.text:configureXOSCHF)
                  00003fbc    0000004c     CC1352P_4_LAUNCHXL_fxns.obj (.text:CC1352P_4_LAUNCHXL_wakeUpExtFlash)
                  00004008    0000004c     rtsv7M4_T_le_v4SPD16_eabi.lib : fflush.c.obj (.text:__TI_doflush)
                  00004054    0000004c                                   : atoi.c.obj (.text:atoi)
                  000040a0    0000004c                                   : cpy_tbl.c.obj (.text:copy_in)
                  000040ec    00000048                                   : fd_toi_t2.asm.obj (.text)
                  00004134    00000044                                   : hostclose.c.obj (.text:HOSTclose)
                  00004178    00000044                                   : hostunlink.c.obj (.text:HOSTunlink)
                  000041bc    00000044     driverlib.lib : chipinfo.obj (.text:NOROM_ChipInfo_GetHwRevision)
                  00004200    00000044     drivers_cc13x2_v1.aem4f : PINCC26XX.oem4f (.text:PIN_swi)
                  00004244    00000044     rtsv7M4_T_le_v4SPD16_eabi.lib : getdevice.c.obj (.text:getdevice)
                  00004288    00000044     drivers_cc13x2_v1.aem4f : PowerCC26X2.oem4f (.text:switchXOSCHF)
                  000042cc    00000040     CC1352P_4_LAUNCHXL_fxns.obj (.text:CC1352P_4_LAUNCHXL_shutDownExtFlash)
                  0000430c    00000040     driverlib.lib : setup.obj (.text:Step_RCOSCHF_CTRIM)
                  0000434c    00000040                   : setup.obj (.text:Step_VBG)
                  0000438c    00000040     rom_sysbios.aem4f : rom_sysbios.obj (.text:ti_sysbios_family_arm_cc26xx_Timer_setThreshold__I)
                  000043cc    0000003e     dpl_cc13x2_v1.aem4f : HwiP_tirtos.oem4f (.text:HwiP_construct)
                  0000440a    0000003e     rtsv7M4_T_le_v4SPD16_eabi.lib : _printfi.c.obj (.text:_fcpy)
                  00004448    0000003c     drivers_cc13x2_v1.aem4f : PINCC26XX.oem4f (.text:PIN_setOutputValue)
                  00004484    0000003c     dpl_cc13x2_v1.aem4f : SwiP_tirtos.oem4f (.text:SwiP_construct)
                  000044c0    0000003c     rom_sysbios.aem4f : rom_sysbios.obj (.text:ti_sysbios_family_arm_m3_Hwi_construct2__E)
                  000044fc    00000038     drivers_cc13x2_v1.aem4f : PINCC26XX.oem4f (.text:PIN_setInterrupt)
                  00004534    00000038     rtsv7M4_T_le_v4SPD16_eabi.lib : trgmsg.c.obj (.text:__TI_writemsg)
                  0000456c    00000038     drivers_cc13x2_v1.aem4f : PowerCC26X2.oem4f (.text:notify)
                  000045a4    00000036     rtsv7M4_T_le_v4SPD16_eabi.lib : strncpy.c.obj (.text:strncpy)
                  000045da    00000036     rom_sysbios.aem4f : rom_sysbios.obj (.text:ti_sysbios_family_arm_cc26xx_Timer_setNextTick__E)
                  00004610    00000034     drivers_cc13x2_v1.aem4f : GPIOCC26XX.oem4f (.text:GPIO_toggle)
                  00004644    00000034     driverlib.lib : aux_sysif.obj (.text:NOROM_AUXSYSIFOpModeChange)
                  00004678    00000034                   : sys_ctrl.obj (.text:NOROM_SysCtrlIdle)
                  000046ac    00000034     drivers_cc13x2_v1.aem4f : PINCC26XX.oem4f (.text:PIN_setConfig)
                  000046e0    00000034                             : PowerCC26X2.oem4f (.text:Power_releaseConstraint)
                  00004714    00000034     rtsv7M4_T_le_v4SPD16_eabi.lib : fopen.c.obj (.text:__TI_cleanup)
                  00004748    00000034                                   : trgmsg.c.obj (.text:__TI_readmsg)
                  0000477c    00000034     rom_sysbios.aem4f : rom_sysbios.obj (.text:usleep)
                  000047b0    00000030     drivers_cc13x2_v1.aem4f : GPIOCC26XX.oem4f (.text:GPIO_hwiIntFxn)
                  000047e0    00000030                             : PowerCC26X2.oem4f (.text:Power_setConstraint)
                  00004810    00000030     rtsv7M4_T_le_v4SPD16_eabi.lib : getdevice.c.obj (.text:finddevice)
                  00004840    00000030     drivers_cc13x2_v1.aem4f : PowerCC26X2_calibrateRCOSC.oem4f (.text:startTDC)
                  00004870    00000030     release_pem4f.oem4f (.text:ti_sysbios_BIOS_atExitFunc__I)
                  000048a0    00000030     release_pem4f.oem4f (.text:ti_sysbios_BIOS_startFunc__I)
                  000048d0    00000030     rom_sysbios.aem4f : rom_sysbios.obj (.text:ti_sysbios_family_arm_cc26xx_Timer_getCurrentTick__E)
                  00004900    00000030                       : rom_sysbios.obj (.text:ti_sysbios_family_arm_cc26xx_Timer_initDevice__I)
                  00004930    0000002e     rtsv7M4_T_le_v4SPD16_eabi.lib : i_tofd_t2.asm.obj (.text)
                  0000495e    0000002e     release_pem4f.oem4f (.text:ti_sysbios_rts_gnu_MemAlloc_alloc)
                  0000498c    0000002c     drivers_cc13x2_v1.aem4f : GPIOCC26XX.oem4f (.text:GPIO_setCallback)
                  000049b8    0000002c     dpl_cc13x2_v1.aem4f : SemaphoreP_tirtos.oem4f (.text:SemaphoreP_constructBinary)
                  000049e4    0000002c                         : SemaphoreP_tirtos.oem4f (.text:SemaphoreP_createBinary)
                  00004a10    0000002c     rom_sysbios.aem4f : rom_sysbios.obj (.text:_pthread_delete$44)
                  00004a3c    0000002c     CC1352P_4_LAUNCHXL_fxns.obj (.text:initAntennaSwitch)
                  00004a68    0000002c     rom_sysbios.aem4f : rom_sysbios.obj (.text:pthread_setcancelstate)
                  00004a94    0000002c                       : rom_sysbios.obj (.text:ti_sysbios_knl_Clock_getTicksUntilInterrupt__E)
                  00004ac0    0000002c     rtsv7M4_T_le_v4SPD16_eabi.lib : unlink.c.obj (.text:unlink)
                  00004aec    00000028     dpl_cc13x2_v1.aem4f : PowerCC26X2_tirtos.oem4f (.text:PowerCC26XX_schedulerDisable)
                  00004b14    00000028                         : PowerCC26X2_tirtos.oem4f (.text:PowerCC26XX_schedulerRestore)
                  00004b3c    00000028     drivers_cc13x2_v1.aem4f : PowerCC26X2.oem4f (.text:Power_registerNotify)
                  00004b64    00000028     rtsv7M4_T_le_v4SPD16_eabi.lib : lseek.c.obj (.text:lseek)
                  00004b8c    00000028     drivers_cc13x2_v1.aem4f : PowerCC26X2.oem4f (.text:oscillatorISR)
                  00004bb4    00000028     rtsv7M4_T_le_v4SPD16_eabi.lib : write.c.obj (.text:write)
                  00004bdc    00000026     drivers_cc13x2_v1.aem4f : List.oem4f (.text:List_put)
                  00004c02    00000002     --HOLE-- [fill = 0]
                  00004c04    00000024     driverlib.lib : osc.obj (.text:NOROM_OSCHF_TurnOnXosc)
                  00004c28    00000024     rom_sysbios.aem4f : rom_sysbios.obj (.text:_pthread_cleanupFxn)
                  00004c4c    00000024     drivers_cc13x2_v1.aem4f : PowerCC26X2_calibrateRCOSC.oem4f (.text:getTdcSemaphore)
                  00004c70    00000024     rom_sysbios.aem4f : rom_sysbios.obj (.text:pthread_attr_init)
                  00004c94    00000024     release_pem4f.oem4f (.text:ti_sysbios_BIOS_registerRTSLock__I)
                  00004cb8    00000024     release_pem4f.oem4f (.text:ti_sysbios_BIOS_removeRTSLock__I)
                  00004cdc    00000024     rom_sysbios.aem4f : rom_sysbios.obj (.text:ti_sysbios_family_arm_cc26xx_Timer_getMaxTicks__E)
                  00004d00    00000020     rtsv7M4_T_le_v4SPD16_eabi.lib : memchr.c.obj (.text:memchr)
                  00004d20    00000020     release_pem4f.oem4f (.text:ti_sysbios_BIOS_rtsLock__I)
                  00004d40    00000020     rom_sysbios.aem4f : rom_sysbios.obj (.text:ti_sysbios_family_arm_cc26xx_Timer_dynamicStub__E)
                  00004d60    00000020                       : rom_sysbios.obj (.text:xdc_runtime_Error_policyMin__E)
                  00004d80    0000001e     drivers_cc13x2_v1.aem4f : PINCC26XX.oem4f (.text:PIN_close)
                  00004d9e    0000001e                             : PowerCC26X2.oem4f (.text:Power_getTransitionLatency)
                  00004dbc    0000001c     CC1352P_4_LAUNCHXL.obj (.text:CC1352P_4_LAUNCHXL_initGeneral)
                  00004dd8    0000001c     driverlib.lib : chipinfo.obj (.text:NOROM_ChipInfo_GetChipFamily)
                  00004df4    0000001c     drivers_cc13x2_v1.aem4f : PINCC26XX.oem4f (.text:PINCC26XX_setIoCfgMux)
                  00004e10    0000001c                             : PINCC26XX.oem4f (.text:PIN_hwi)
                  00004e2c    0000001c     rtsv7M4_T_le_v4SPD16_eabi.lib : memccpy.c.obj (.text:memccpy)
                  00004e48    0000001c     release_pem4f.oem4f (.text:ti_sysbios_BIOS_errorRaiseHook__I)
                  00004e64    0000001c     rom_sysbios.aem4f : rom_sysbios.obj (.text:ti_sysbios_knl_Swi_construct2__E)
                  00004e80    0000001c     release_pem4f.oem4f (.text:xdc_runtime_Startup_exec__I)
                  00004e9c    0000001a     drivers_cc13x2_v1.aem4f : PowerCC26X2.oem4f (.text:PowerCC26XX_calibrate)
                  00004eb6    0000001a     release_pem4f.oem4f (.text:free)
                  00004ed0    00000018     driverlib.lib : chipinfo.obj (.text:NOROM_ChipInfo_GetPackageType)
                  00004ee8    00000018     drivers_cc13x2_v1.aem4f : PowerCC26X2.oem4f (.text:Power_idleFunc)
                  00004f00    00000018     rtsv7M4_T_le_v4SPD16_eabi.lib : args_main.c.obj (.text:_args_main)
                  00004f18    00000018                                   : ll_mul_t2.asm.obj (.text)
                  00004f30    00000018                                   : strcmp.c.obj (.text:strcmp)
                  00004f48    00000018     release_pem4f.oem4f (.text:ti_sysbios_BIOS_rtsUnlock__I)
                  00004f60    00000018     rom_sysbios.aem4f : rom_sysbios.obj (.text:ti_sysbios_knl_Swi_or__E)
                  00004f78    00000018     release_pem4f.oem4f (.text:ti_sysbios_rom_cortexm_cc26xx_agama_CC26xx_checkRevision__E)
                  00004f90    00000018     rom_sysbios.aem4f : rom_sysbios.obj (.text:ti_sysbios_rts_ti_ReentSupport_getReent__F)
                  00004fa8    00000018                       : rom_sysbios.obj (.text:xdc_runtime_Error_init__E)
                  00004fc0    00000016     driverlib.lib : chipinfo.obj (.text:NOROM_ThisLibraryIsFor_CC13x2_CC26x2_HwRev1x_HaltIfViolated)
                  00004fd6    00000016     rom_sysbios.aem4f : rom_sysbios.obj (.text:_pthread_cleanup_pop)
                  00004fec    00000016     rtsv7M4_T_le_v4SPD16_eabi.lib : strchr.c.obj (.text:strchr)
                  00005002    00000016     release_pem4f.oem4f (.text:ti_sysbios_BIOS_exitFunc__I)
                  00005018    00000014     drivers_cc13x2_v1.aem4f : PowerCC26X2_calibrateRCOSC.oem4f (.text:PowerCC26X2_calibrate)
                  0000502c    00000014                             : PowerCC26X2.oem4f (.text:configureRFCoreClocks)
                  00005040    00000014     rtsv7M4_T_le_v4SPD16_eabi.lib : s_copysign.c.obj (.text:copysign)
                  00005054    00000014     rom_sysbios.aem4f : rom_sysbios.obj (.text:pthread_attr_setschedparam)
                  00005068    00000014     rtsv7M4_T_le_v4SPD16_eabi.lib : strcpy.c.obj (.text:strcpy)
                  0000507c    00000014                                   : strlen.c.obj (.text:strlen)
                  00005090    00000014     rom_sysbios.aem4f : rom_sysbios.obj (.text:ti_sysbios_family_arm_cc26xx_Timer_getCount64__E)
                  000050a4    00000014     release_pem4f.oem4f (.text:ti_sysbios_knl_Clock_doTick__I)
                  000050b8    00000012     dpl_cc13x2_v1.aem4f : SemaphoreP_tirtos.oem4f (.text:SemaphoreP_pend)
                  000050ca    00000012     rom_sysbios.aem4f : rom_sysbios.obj (.text:_pthread_runStub$44)
                  000050dc    00000012     rtsv7M4_T_le_v4SPD16_eabi.lib : wcslen.c.obj (.text:wcslen)
                  000050ee    00000010     dpl_cc13x2_v1.aem4f : HwiP_tirtos.oem4f (.text:HwiP_Params_init)
                  000050fe    00000002     --HOLE-- [fill = 0]
                  00005100    00000010     drivers_cc13x2_v1.aem4f : PINCC26XX.oem4f (.text:PINCC26XX_getPinCount)
                  00005110    00000010     dpl_cc13x2_v1.aem4f : SwiP_tirtos.oem4f (.text:SwiP_Params_init)
                  00005120    00000010     rom_sysbios.aem4f : rom_sysbios.obj (.text:xdc_runtime_SysCallback_flush__E)
                  00005130    00000010                       : rom_sysbios.obj (.text:xdc_runtime_SysCallback_putch__E)
                  00005140    00000010                       : rom_sysbios.obj (.text:xdc_runtime_SysCallback_ready__E)
                  00005150    0000000e     rtsv7M4_T_le_v4SPD16_eabi.lib : copy_decompress_none.c.obj (.text:decompress:none:__TI_decompress_none)
                  0000515e    0000000e     rom_sysbios.aem4f : rom_sysbios.obj (.text:pthread_attr_setdetachstate)
                  0000516c    0000000e                       : rom_sysbios.obj (.text:ti_sysbios_family_arm_cc26xx_TimestampProvider_get32__E)
                  0000517a    0000000c     CC1352P_4_LAUNCHXL_fxns.obj (.text:Board_initHook)
                  00005186    0000000c     driverlib.lib : cpu.obj (.text:NOROM_CPUcpsid)
                  00005192    0000000c                   : cpu.obj (.text:NOROM_CPUcpsie)
                  0000519e    0000000c     drivers_cc13x2_v1.aem4f : PINCC26XX.oem4f (.text:PIN_registerIntCb)
                  000051aa    00000002     --HOLE-- [fill = 0]
                  000051ac    0000000c                             : PowerCC26X2.oem4f (.text:Power_getConstraintMask)
                  000051b8    0000000c                             : PowerCC26X2.oem4f (.text:Power_getDependencyCount)
                  000051c4    0000000c     dpl_cc13x2_v1.aem4f : SemaphoreP_tirtos.oem4f (.text:SemaphoreP_delete)
                  000051d0    0000000c     rtsv7M4_T_le_v4SPD16_eabi.lib : _lock.c.obj (.text:_register_lock)
                  000051dc    0000000c                                   : _lock.c.obj (.text:_register_unlock)
                  000051e8    0000000c                                   : copy_zero_init.c.obj (.text:decompress:ZI:__TI_zero_init)
                  000051f4    0000000c     rom_sysbios.aem4f : rom_sysbios.obj (.text:pthread_self)
                  00005200    0000000c                       : rom_sysbios.obj (.text:ti_sysbios_BIOS_getThreadType__E)
                  0000520c    0000000c                       : rom_sysbios.obj (.text:ti_sysbios_knl_Swi_getTrigger__E)
                  00005218    0000000c     release_pem4f.oem4f (.text:xdc_runtime_Startup_reset__I)
                  00005224    0000000a     dpl_cc13x2_v1.aem4f : ClockP_tirtos.oem4f (.text:ClockP_Params_init)
                  0000522e    0000000a     release_pem4f.oem4f (.text:ti_sysbios_rts_ti_ReentSupport_getTlsAddr__I)
                  00005238    00000006     driverlib.lib : cpu.obj (.text:NOROM_CPUdelay)
                  0000523e    00000006     rom_sysbios.aem4f : rom_sysbios.obj (.text:pthread_attr_setstacksize)
                  00005244    00000004     dpl_cc13x2_v1.aem4f : PowerCC26X2_tirtos.oem4f (.text:CPUwfi)
                  00005248    00000004                         : HwiP_tirtos.oem4f (.text:HwiP_disable)
                  0000524c    00000004                         : SemaphoreP_tirtos.oem4f (.text:SemaphoreP_post)
                  00005250    00000004                         : SwiP_tirtos.oem4f (.text:SwiP_disable)
                  00005254    00000004                         : SwiP_tirtos.oem4f (.text:SwiP_getTrigger)
                  00005258    00000004                         : SwiP_tirtos.oem4f (.text:SwiP_or)
                  0000525c    00000004     rom_sysbios.aem4f : rom_sysbios.obj (.text:__aeabi_errno_addr)
                  00005260    00000004     rtsv7M4_T_le_v4SPD16_eabi.lib : printf.c.obj (.text:_outc)
                  00005264    00000004                                   : printf.c.obj (.text:_outs)
                  00005268    00000004     drivers_cc13x2_v1.aem4f : PowerCC26X2.oem4f (.text:nopResourceHandler)
                  0000526c    00000004     rom_sysbios.aem4f : rom_sysbios.obj (.text:ti_sysbios_knl_Queue_insert__E)
                  00005270    00000004                       : rom_sysbios.obj (.text:ti_sysbios_knl_Task_getArg1__E)
                  00005274    00000004                       : rom_sysbios.obj (.text:ti_sysbios_knl_Task_getEnv__E)
                  00005278    00000004                       : rom_sysbios.obj (.text:xdc_runtime_SysCallback_defaultReady)
                  0000527c    00000008     (.tramp.ti_sysbios_family_arm_m3_Hwi_disableFxn__E.1)
                  00005284    00000008     (.tramp.ti_sysbios_knl_Task_self__E.1)
                  0000528c    00000008     (.tramp.ti_sysbios_knl_Semaphore_delete.1)
                  00005294    00000008     (.tramp.ti_sysbios_knl_Clock_logTick__E.1)
                  0000529c    00000008     (.tramp.ti_sysbios_knl_Swi_post__E.1)
                  000052a4    00000008     (.tramp.ti_sysbios_BIOS_RtsGateProxy_leave__E.1)
                  000052ac    00000008     (.tramp.ti_sysbios_knl_Swi_construct.1)
                  000052b4    00000008     (.tramp.ti_sysbios_BIOS_RtsGateProxy_enter__E.1)
                  000052bc    00000008     (.tramp.ti_sysbios_knl_Task_delete.1)
                  000052c4    00000008     (.tramp.ti_sysbios_knl_Semaphore_destruct.1)
                  000052cc    00000008     (.tramp.ti_sysbios_knl_Semaphore_create.1)
                  000052d4    00000008     (.tramp.ti_sysbios_knl_Task_startup__E.1)
                  000052dc    00000008     (.tramp.ti_sysbios_knl_Swi_startup__E.1)
                  000052e4    00000008     (.tramp.ti_sysbios_hal_Hwi_startup__E.1)
                  000052ec    00000008     (.tramp.ti_sysbios_family_arm_cc26xx_Timer_startup__E.1)
                  000052f4    00000008     (.tramp.xdc_runtime_System_atexit__E.1)
                  000052fc    00000008     (.tramp.ti_sysbios_BIOS_linkedWithIncorrectBootLibrary__E.1)
                  00005304    00000008     (.tramp.xdc_runtime_Startup_rtsDone__E.1)
                  0000530c    00000008     (.tramp.ti_sysbios_BIOS_setThreadType__E.1)
                  00005314    00000008     (.tramp.ti_sysbios_knl_Swi_disable__E.1)
                  0000531c    00000008     (.tramp.ti_sysbios_knl_Task_sleep__E.1)
                  00005324    00000008     (.tramp.ti_sysbios_family_arm_m3_Hwi_construct.1)
                  0000532c    00000008     (.tramp.ti_sysbios_knl_Swi_Params__init__S.1)
                  00005334    00000008     (.tramp.ti_sysbios_family_arm_m3_Hwi_Params__init__S.1)
                  0000533c    00000008     (.tramp.ti_sysbios_knl_Clock_construct.1)
                  00005344    00000008     (.tramp.ti_sysbios_knl_Clock_Params__init__S.1)
                  0000534c    00000008     (.tramp.xdc_runtime_System_exit__E.1)
                  00005354    00000008     (.tramp.ti_sysbios_heaps_HeapMem_restore__E.1)
                  0000535c    00000008     (.tramp.ti_sysbios_heaps_HeapMem_Object__get__S.1)
                  00005364    00000008     (.tramp.ti_sysbios_BIOS_start__E.1)
                  0000536c    00000008     (.tramp.ti_sysbios_knl_Semaphore_post__E.1)
                  00005374    00000008     (.tramp.xdc_runtime_Memory_free__E.1)
                  0000537c    00000008     (.tramp.ti_sysbios_knl_Queue_next__E.1)
                  00005384    00000008     (.tramp.ti_sysbios_knl_Queue_head__E.1)
                  0000538c    00000008     (.tramp.ti_sysbios_knl_Semaphore_pend__E.1)
                  00005394    00000008     (.tramp.ti_sysbios_knl_Clock_scheduleNextTick__E.1)
                  0000539c    00000008     (.tramp.ti_sysbios_knl_Clock_walkQueueDynamic__E.1)
                  000053a4    00000008     (.tramp.ti_sysbios_knl_Clock_TimerProxy_getCurrentTick__E.1)
                  000053ac    00000008     (.tramp.ti_sysbios_knl_Clock_getTicks__E.1)
                  000053b4    00000008     (.tramp.ti_sysbios_knl_Task_restore__E.1)
                  000053bc    00000008     (.tramp.ti_sysbios_knl_Queue_enqueue__E.1)
                  000053c4    00000008     (.tramp.ti_sysbios_knl_Queue_empty__E.1)
                  000053cc    00000008     (.tramp.ti_sysbios_knl_Queue_remove__E.1)
                  000053d4    00000008     (.tramp.ti_sysbios_knl_Task_disable__E.1)
                  000053dc    00000008     (.tramp.ti_sysbios_knl_Clock_stop__E.1)
                  000053e4    00000008     (.tramp.ti_sysbios_knl_Clock_start__E.1)
                  000053ec    00000008     (.tramp.ti_sysbios_knl_Clock_setTimeout__E.1)
                  000053f4    00000008     (.tramp.ti_sysbios_knl_Task_create.1)
                  000053fc    00000008     (.tramp.ti_sysbios_knl_Semaphore_construct.1)
                  00005404    00000008     (.tramp.ti_sysbios_knl_Semaphore_Params__init__S.1)
                  0000540c    00000008     (.tramp.ti_sysbios_knl_Queue_construct.1)
                  00005414    00000008     (.tramp.xdc_runtime_Memory_alloc__E.1)
                  0000541c    00000008     (.tramp.ti_sysbios_knl_Task_Params__init__S.1)
                  00005424    00000008     (.tramp.ti_sysbios_family_arm_m3_Hwi_restoreFxn__E.1)
                  0000542c    00000008     (.tramp.ti_sysbios_knl_Swi_restore__E.1)

.const     0    00005434    0000066c     
                  00005434    00000338     release_pem4f.oem4f (.const:ROM_constStruct)
                  0000576c    00000101     rtsv7M4_T_le_v4SPD16_eabi.lib : ctype.c.obj (.const:.string:_ctypes_)
                  0000586d    00000001     release_pem4f.oem4f (.const:xdc_runtime_Text_charTab__A)
                  0000586e    00000054     drivers_cc13x2_v1.aem4f : PowerCC26X2.oem4f (.const:resourceDB)
                  000058c2    00000002     --HOLE-- [fill = 0]
                  000058c4    00000048     release_pem4f.oem4f (.const:.string)
                  0000590c    00000044     release_pem4f.oem4f (.const:ROM_externFuncPtrs)
                  00005950    00000038     CC1352P_4_LAUNCHXL.obj (.const:BoardGpioInitTable)
                  00005988    00000024     release_pem4f.oem4f (.const:xdc_runtime_Startup_sfxnTab__A)
                  000059ac    00000018     drivers_cc13x2_v1.aem4f : GPIOCC26XX.oem4f (.const:interruptType)
                  000059c4    00000014     CC1352P_4_LAUNCHXL_fxns.obj (.const:$P$T1$2)
                  000059d8    00000014     CC1352P_4_LAUNCHXL.obj (.const:GPIOCC26XX_config)
                  000059ec    00000012     release_pem4f.oem4f (.const:xdc_runtime_Startup_sfxnRts__A)
                  000059fe    00000002     --HOLE-- [fill = 0]
                  00005a00    00000010     CC1352P_4_LAUNCHXL_fxns.obj (.const:$P$T2$3)
                  00005a10    00000010     CC1352P_4_LAUNCHXL.obj (.const:PowerCC26X2_config)
                  00005a20    00000010     drivers_cc13x2_v1.aem4f : GPIOCC26XX.oem4f (.const:outPinTypes)
                  00005a30    0000000c                             : GPIOCC26XX.oem4f (.const:inPinTypes)
                  00005a3c    0000000c                             : GPIOCC26XX.oem4f (.const:outPinStrengths)
                  00005a48    0000000c     release_pem4f.oem4f (.const:xdc_runtime_Startup_firstFxns__A)
                  00005a54    00000008     driverlib.lib : aux_sysif.obj (.const:$O1$$)
                  00005a5c    00000008     CC1352P_4_LAUNCHXL_fxns.obj (.const:$P$T0$1)
                  00005a64    00000008     CC1352P_4_LAUNCHXL.obj (.const:PINCC26XX_hwAttrs)
                  00005a6c    00000008     release_pem4f.oem4f (.const:ti_sysbios_knl_Idle_funcList__A)
                  00005a74    00000004     release_pem4f.oem4f (.const:ti_sysbios_family_arm_cc26xx_Timer_funcHookCH1__C)
                  00005a78    00000004     release_pem4f.oem4f (.const:ti_sysbios_family_arm_cc26xx_Timer_funcHookCH2__C)
                  00005a7c    00000004     release_pem4f.oem4f (.const:ti_sysbios_family_arm_m3_Hwi_swiDisable__C)
                  00005a80    00000004     release_pem4f.oem4f (.const:ti_sysbios_family_arm_m3_Hwi_swiRestoreHwi__C)
                  00005a84    00000004     release_pem4f.oem4f (.const:ti_sysbios_heaps_HeapMem_primaryHeapBaseAddr__C)
                  00005a88    00000004     release_pem4f.oem4f (.const:ti_sysbios_heaps_HeapMem_primaryHeapEndAddr__C)
                  00005a8c    00000004     release_pem4f.oem4f (.const:ti_sysbios_knl_Clock_tickPeriod__C)
                  00005a90    00000004     release_pem4f.oem4f (.const:ti_sysbios_knl_Task_Object__heap__C)
                  00005a94    00000004     release_pem4f.oem4f (.const:xdc_runtime_SysCallback_flushFxn__C)
                  00005a98    00000004     release_pem4f.oem4f (.const:xdc_runtime_SysCallback_putchFxn__C)
                  00005a9c    00000004     release_pem4f.oem4f (.const:xdc_runtime_SysCallback_readyFxn__C)

MODULE SUMMARY

       Module                             code    ro data   rw data
       ------                             ----    -------   -------
    .\
       CC1352P_4_LAUNCHXL_fxns.obj        328     44        16     
       CC1352P_4_LAUNCHXL.obj             28      100       56     
       empty.obj                          158     0         0      
       main_tirtos.obj                    100     0         0      
       ccfg.obj                           0       88        0      
    +--+----------------------------------+-------+---------+---------+
       Total:                             614     232       72     
                                                                   
    C:\Users\Bennett\workspace_v8\tirtos_builds_CC1352P_4_LAUNCHXL_release_ccs\Debug\configPkg\package\cfg\
       release_pem4f.oem4f                536     1143      1826   
    +--+----------------------------------+-------+---------+---------+
       Total:                             536     1143      1826   
                                                                   
    C:/ti/simplelink_cc13x2_sdk_2_30_00_45/kernel/tirtos/packages/ti/dpl/lib/dpl_cc13x2_v1.aem4f
       PowerCC26X2_tirtos.oem4f           264     0         8      
       SemaphoreP_tirtos.oem4f            122     0         0      
       ClockP_tirtos.oem4f                90      0         4      
       SwiP_tirtos.oem4f                  88      0         0      
       HwiP_tirtos.oem4f                  82      0         0      
    +--+----------------------------------+-------+---------+---------+
       Total:                             646     0         12     
                                                                   
    C:/ti/simplelink_cc13x2_sdk_2_30_00_45/source/ti/devices/cc13x2_cc26x2_v1/driverlib/bin/ccs/driverlib.lib
       setup.obj                          608     0         0      
       sys_ctrl.obj                       332     0         0      
       osc.obj                            276     0         20     
       setup_rom.obj                      236     0         0      
       chipinfo.obj                       222     0         0      
       aux_sysif.obj                      52      8         0      
       cpu.obj                            30      0         0      
       driverlib_release.obj              0       0         1      
    +--+----------------------------------+-------+---------+---------+
       Total:                             1756    8         21     
                                                                   
    C:/ti/simplelink_cc13x2_sdk_2_30_00_45/source/ti/drivers/lib/drivers_cc13x2_v1.aem4f
       PowerCC26X2.oem4f                  1722    84        200    
       PINCC26XX.oem4f                    1370    0         276    
       PowerCC26X2_calibrateRCOSC.oem4f   1320    0         0      
       GPIOCC26XX.oem4f                   876     64        81     
       List.oem4f                         38      0         0      
    +--+----------------------------------+-------+---------+---------+
       Total:                             5326    148       557    
                                                                   
    C:\Users\Bennett\workspace_v8\tirtos_builds_CC1352P_4_LAUNCHXL_release_ccs\src\sysbios\rom_sysbios.aem4f
       rom_sysbios.obj                    1940    0         136    
    +--+----------------------------------+-------+---------+---------+
       Total:                             1940    0         136    
                                                                   
    C:\ti\ccsv8\tools\compiler\ti-cgt-arm_18.1.4.LTS\lib\rtsv7M4_T_le_v4SPD16_eabi.lib
       _printfi.c.obj                     4867    0         0      
       fd_add_t2.asm.obj                  438     0         0      
       defs.c.obj                         0       0         416    
       trgmsg.c.obj                       108     0         288    
       fd_div_t2.asm.obj                  310     0         0      
       fputs.c.obj                        276     0         0      
       s_scalbn.c.obj                     272     0         0      
       fd_cmp_t2.asm.obj                  268     0         0      
       ctype.c.obj                        0       257       0      
       fd_mul_t2.asm.obj                  252     0         0      
       write.c.obj                        40      0         200    
       setvbuf.c.obj                      220     0         0      
       memcpy_t2.asm.obj                  156     0         0      
       ull_div_t2.asm.obj                 150     0         0      
       fputc.c.obj                        140     0         0      
       memset_t2.asm.obj                  122     0         0      
       fclose.c.obj                       116     0         0      
       getdevice.c.obj                    116     0         0      
       printf.c.obj                       112     0         0      
       copy_decompress_lzss.c.obj         104     0         0      
       hostlseek.c.obj                    104     0         0      
       hostopen.c.obj                     96      0         8      
       hostrename.c.obj                   104     0         0      
       fseek.c.obj                        100     0         0      
       s_frexp.c.obj                      100     0         0      
       _io_perm.c.obj                     98      0         0      
       close.c.obj                        92      0         0      
       hostread.c.obj                     88      0         0      
       hostwrite.c.obj                    88      0         0      
       ltoa.c.obj                         84      0         0      
       atoi.c.obj                         76      0         0      
       cpy_tbl.c.obj                      76      0         0      
       fflush.c.obj                       76      0         0      
       fd_toi_t2.asm.obj                  72      0         0      
       hostclose.c.obj                    68      0         0      
       hostunlink.c.obj                   68      0         0      
       strncpy.c.obj                      54      0         0      
       fopen.c.obj                        52      0         0      
       i_tofd_t2.asm.obj                  46      0         0      
       unlink.c.obj                       44      0         0      
       lseek.c.obj                        40      0         0      
       _lock.c.obj                        26      0         8      
       memchr.c.obj                       32      0         0      
       memccpy.c.obj                      28      0         0      
       args_main.c.obj                    24      0         0      
       ll_mul_t2.asm.obj                  24      0         0      
       strcmp.c.obj                       24      0         0      
       strchr.c.obj                       22      0         0      
       s_copysign.c.obj                   20      0         0      
       strcpy.c.obj                       20      0         0      
       strlen.c.obj                       20      0         0      
       wcslen.c.obj                       18      0         0      
       copy_decompress_none.c.obj         14      0         0      
       copy_zero_init.c.obj               12      0         0      
       exit.c.obj                         0       0         12     
       stkdepth_vars.c.obj                0       0         4      
       div0.asm.obj                       2       0         0      
    +--+----------------------------------+-------+---------+---------+
       Total:                             9979    257       936    
                                                                   
    C:\ti\simplelink_cc13x2_sdk_2_30_00_45\kernel\tirtos\packages\ti\targets\arm\rtsarm\lib\auto_init.aem4f
       auto_init.oem4f                    160     0         0      
    +--+----------------------------------+-------+---------+---------+
       Total:                             160     0         0      
                                                                   
    C:\ti\simplelink_cc13x2_sdk_2_30_00_45\kernel\tirtos\packages\ti\targets\arm\rtsarm\lib\boot.aem4f
       boot.oem4f                         88      0         0      
    +--+----------------------------------+-------+---------+---------+
       Total:                             88      0         0      
                                                                   
       Stack:                             0       0         1024   
       Linker Generated:                  440     581       0      
    +--+----------------------------------+-------+---------+---------+
       Grand Total:                       21485   2369      4584   


LINKER GENERATED COPY TABLES

__TI_cinit_table @ 00005cc0 records: 5, size/record: 8, table size: 40
	.data: load addr=00005aa0, load size=000001f1 bytes, run addr=20001110, run size=000006e0 bytes, compression=lzss
	.bss: load addr=00005ca0, load size=00000008 bytes, run addr=200017f0, run size=00000625 bytes, compression=zero_init
	.data:xdcRomConstPtr: load addr=00005ca8, load size=00000008 bytes, run addr=20000100, run size=00000004 bytes, compression=lzss
	.data:xdcRomExternFuncPtr: load addr=00005cb0, load size=00000008 bytes, run addr=20000104, run size=00000004 bytes, compression=lzss
	.data:xdcRomStatePtr: load addr=00005cb8, load size=00000008 bytes, run addr=20000108, run size=00000004 bytes, compression=lzss


LINKER GENERATED HANDLER TABLE

__TI_handler_table @ 00005c94 records: 3, size/record: 4, table size: 12
	index: 0, handler: __TI_decompress_lzss
	index: 1, handler: __TI_decompress_none
	index: 2, handler: __TI_zero_init


FAR CALL TRAMPOLINES

callee name               trampoline name
   callee addr  tramp addr   call addr  call info
--------------  -----------  ---------  ----------------
ti_sysbios_family_arm_m3_Hwi_disableFxn__E  $Tramp$TT$L$PI$$ti_sysbios_family_arm_m3_Hwi_disableFxn__E
   1003b6e1     0000527c     00005248   dpl_cc13x2_v1.aem4f : HwiP_tirtos.oem4f (.text:HwiP_disable)
ti_sysbios_knl_Task_self__E  $Tramp$TT$L$PI$$ti_sysbios_knl_Task_self__E
   1003b681     00005284     000051f6   rom_sysbios.aem4f : rom_sysbios.obj (.text:pthread_self)
                             00005230   release_pem4f.oem4f (.text:ti_sysbios_rts_ti_ReentSupport_getTlsAddr__I)
ti_sysbios_knl_Semaphore_delete  $Tramp$TT$L$PI$$ti_sysbios_knl_Semaphore_delete
   1003b857     0000528c     000051ca   dpl_cc13x2_v1.aem4f : SemaphoreP_tirtos.oem4f (.text:SemaphoreP_delete)
ti_sysbios_knl_Clock_logTick__E  $Tramp$TT$L$PI$$ti_sysbios_knl_Clock_logTick__E
   1003a463     00005294     000050a6   release_pem4f.oem4f (.text:ti_sysbios_knl_Clock_doTick__I)
ti_sysbios_knl_Swi_post__E  $Tramp$TT$L$PI$$ti_sysbios_knl_Swi_post__E
   1003a5e9     0000529c     00004f74   rom_sysbios.aem4f : rom_sysbios.obj (.text:ti_sysbios_knl_Swi_or__E)
                             000050ae   release_pem4f.oem4f (.text:ti_sysbios_knl_Clock_doTick__I)
ti_sysbios_BIOS_RtsGateProxy_leave__E  $Tramp$TT$L$PI$$ti_sysbios_BIOS_RtsGateProxy_leave__E
   1003b7e3     000052a4     00004f56   release_pem4f.oem4f (.text:ti_sysbios_BIOS_rtsUnlock__I)
ti_sysbios_knl_Swi_construct  $Tramp$TT$L$PI$$ti_sysbios_knl_Swi_construct
   1003a465     000052ac     00004e6a   rom_sysbios.aem4f : rom_sysbios.obj (.text:ti_sysbios_knl_Swi_construct2__E)
ti_sysbios_BIOS_RtsGateProxy_enter__E  $Tramp$TT$L$PI$$ti_sysbios_BIOS_RtsGateProxy_enter__E
   1003b7df     000052b4     00004d26   release_pem4f.oem4f (.text:ti_sysbios_BIOS_rtsLock__I)
ti_sysbios_knl_Task_delete  $Tramp$TT$L$PI$$ti_sysbios_knl_Task_delete
   1003b86b     000052bc     00004a24   rom_sysbios.aem4f : rom_sysbios.obj (.text:_pthread_delete$44)
ti_sysbios_knl_Semaphore_destruct  $Tramp$TT$L$PI$$ti_sysbios_knl_Semaphore_destruct
   1003b85b     000052c4     00004a18   rom_sysbios.aem4f : rom_sysbios.obj (.text:_pthread_delete$44)
ti_sysbios_knl_Semaphore_create  $Tramp$TT$L$PI$$ti_sysbios_knl_Semaphore_create
   1003a801     000052cc     00004a04   dpl_cc13x2_v1.aem4f : SemaphoreP_tirtos.oem4f (.text:SemaphoreP_createBinary)
ti_sysbios_knl_Task_startup__E  $Tramp$TT$L$PI$$ti_sysbios_knl_Task_startup__E
   1003b873     000052d4     000048c4   release_pem4f.oem4f (.text:ti_sysbios_BIOS_startFunc__I)
ti_sysbios_knl_Swi_startup__E  $Tramp$TT$L$PI$$ti_sysbios_knl_Swi_startup__E
   1003b7d3     000052dc     000048c0   release_pem4f.oem4f (.text:ti_sysbios_BIOS_startFunc__I)
ti_sysbios_hal_Hwi_startup__E  $Tramp$TT$L$PI$$ti_sysbios_hal_Hwi_startup__E
   1003b799     000052e4     000048bc   release_pem4f.oem4f (.text:ti_sysbios_BIOS_startFunc__I)
ti_sysbios_family_arm_cc26xx_Timer_startup__E  $Tramp$TT$L$PI$$ti_sysbios_family_arm_cc26xx_Timer_startup__E
   1003a9cd     000052ec     000048b8   release_pem4f.oem4f (.text:ti_sysbios_BIOS_startFunc__I)
xdc_runtime_System_atexit__E  $Tramp$TT$L$PI$$xdc_runtime_System_atexit__E
   1003bc29     000052f4     000048b0   release_pem4f.oem4f (.text:ti_sysbios_BIOS_startFunc__I)
ti_sysbios_BIOS_linkedWithIncorrectBootLibrary__E  $Tramp$TT$L$PI$$ti_sysbios_BIOS_linkedWithIncorrectBootLibrary__E
   10039bff     000052fc     000048aa   release_pem4f.oem4f (.text:ti_sysbios_BIOS_startFunc__I)
xdc_runtime_Startup_rtsDone__E  $Tramp$TT$L$PI$$xdc_runtime_Startup_rtsDone__E
   1003bf5d     00005304     000048a2   release_pem4f.oem4f (.text:ti_sysbios_BIOS_startFunc__I)
ti_sysbios_BIOS_setThreadType__E  $Tramp$TT$L$PI$$ti_sysbios_BIOS_setThreadType__E
   1003b5c5     0000530c     0000487c   release_pem4f.oem4f (.text:ti_sysbios_BIOS_atExitFunc__I)
                             00004e5a   release_pem4f.oem4f (.text:ti_sysbios_BIOS_errorRaiseHook__I)
                             0000500c   release_pem4f.oem4f (.text:ti_sysbios_BIOS_exitFunc__I)
ti_sysbios_knl_Swi_disable__E  $Tramp$TT$L$PI$$ti_sysbios_knl_Swi_disable__E
   1003b525     00005314     00004872   release_pem4f.oem4f (.text:ti_sysbios_BIOS_atExitFunc__I)
                             00005250   dpl_cc13x2_v1.aem4f : SwiP_tirtos.oem4f (.text:SwiP_disable)
ti_sysbios_knl_Task_sleep__E  $Tramp$TT$L$PI$$ti_sysbios_knl_Task_sleep__E
   10039b21     0000531c     0000479e   rom_sysbios.aem4f : rom_sysbios.obj (.text:usleep)
ti_sysbios_family_arm_m3_Hwi_construct  $Tramp$TT$L$PI$$ti_sysbios_family_arm_m3_Hwi_construct
   10039fad     00005324     000044da   rom_sysbios.aem4f : rom_sysbios.obj (.text:ti_sysbios_family_arm_m3_Hwi_construct2__E)
ti_sysbios_knl_Swi_Params__init__S  $Tramp$TT$L$PI$$ti_sysbios_knl_Swi_Params__init__S
   1003b765     0000532c     0000449e   dpl_cc13x2_v1.aem4f : SwiP_tirtos.oem4f (.text:SwiP_construct)
ti_sysbios_family_arm_m3_Hwi_Params__init__S  $Tramp$TT$L$PI$$ti_sysbios_family_arm_m3_Hwi_Params__init__S
   1003b6d5     00005334     000043e8   dpl_cc13x2_v1.aem4f : HwiP_tirtos.oem4f (.text:HwiP_construct)
ti_sysbios_knl_Clock_construct  $Tramp$TT$L$PI$$ti_sysbios_knl_Clock_construct
   1003a8ed     0000533c     00003eb2   dpl_cc13x2_v1.aem4f : ClockP_tirtos.oem4f (.text:ClockP_construct)
ti_sysbios_knl_Clock_Params__init__S  $Tramp$TT$L$PI$$ti_sysbios_knl_Clock_Params__init__S
   1003b711     00005344     00003e98   dpl_cc13x2_v1.aem4f : ClockP_tirtos.oem4f (.text:ClockP_construct)
xdc_runtime_System_exit__E  $Tramp$TT$L$PI$$xdc_runtime_System_exit__E
   1003be69     0000534c     00003c60   boot.aem4f : boot.oem4f (.text)
                             00005012   release_pem4f.oem4f (.text:ti_sysbios_BIOS_exitFunc__I)
ti_sysbios_heaps_HeapMem_restore__E  $Tramp$TT$L$PI$$ti_sysbios_heaps_HeapMem_restore__E
   1003b69f     00005354     00003aa4   rom_sysbios.aem4f : rom_sysbios.obj (.text:ti_sysbios_heaps_HeapMem_initPrimary__I)
ti_sysbios_heaps_HeapMem_Object__get__S  $Tramp$TT$L$PI$$ti_sysbios_heaps_HeapMem_Object__get__S
   1003aed9     0000535c     00003a74   rom_sysbios.aem4f : rom_sysbios.obj (.text:ti_sysbios_heaps_HeapMem_initPrimary__I)
ti_sysbios_BIOS_start__E  $Tramp$TT$L$PI$$ti_sysbios_BIOS_start__E
   1003b621     00005364     00003876   main_tirtos.obj (.text:main)
ti_sysbios_knl_Semaphore_post__E  $Tramp$TT$L$PI$$ti_sysbios_knl_Semaphore_post__E
   100399d1     0000536c     00002ef6   rom_sysbios.aem4f : rom_sysbios.obj (.text:_pthread_removeThreadKeys)
                             00003d00                     : rom_sysbios.obj (.text:pthread_exit)
                             0000524c   dpl_cc13x2_v1.aem4f : SemaphoreP_tirtos.oem4f (.text:SemaphoreP_post)
xdc_runtime_Memory_free__E  $Tramp$TT$L$PI$$xdc_runtime_Memory_free__E
   1003beb9     00005374     00002eec   rom_sysbios.aem4f : rom_sysbios.obj (.text:_pthread_removeThreadKeys)
                             00004a30                     : rom_sysbios.obj (.text:_pthread_delete$44)
                             00004eca   release_pem4f.oem4f (.text:free)
ti_sysbios_knl_Queue_next__E  $Tramp$TT$L$PI$$ti_sysbios_knl_Queue_next__E
   1003b853     0000537c     00002ec6   rom_sysbios.aem4f : rom_sysbios.obj (.text:_pthread_removeThreadKeys)
ti_sysbios_knl_Queue_head__E  $Tramp$TT$L$PI$$ti_sysbios_knl_Queue_head__E
   1003b84f     00005384     00002eb2   rom_sysbios.aem4f : rom_sysbios.obj (.text:_pthread_removeThreadKeys)
ti_sysbios_knl_Semaphore_pend__E  $Tramp$TT$L$PI$$ti_sysbios_knl_Semaphore_pend__E
   10039005     0000538c     00002eac   rom_sysbios.aem4f : rom_sysbios.obj (.text:_pthread_removeThreadKeys)
                             000050ba   dpl_cc13x2_v1.aem4f : SemaphoreP_tirtos.oem4f (.text:SemaphoreP_pend)
ti_sysbios_knl_Clock_scheduleNextTick__E  $Tramp$TT$L$PI$$ti_sysbios_knl_Clock_scheduleNextTick__E
   1003b3a1     00005394     00002c2c   rom_sysbios.aem4f : rom_sysbios.obj (.text:ti_sysbios_knl_Clock_workFuncDynamic__E)
ti_sysbios_knl_Clock_walkQueueDynamic__E  $Tramp$TT$L$PI$$ti_sysbios_knl_Clock_walkQueueDynamic__E
   10039879     0000539c     00002bf6   rom_sysbios.aem4f : rom_sysbios.obj (.text:ti_sysbios_knl_Clock_workFuncDynamic__E)
                             00002c10                     : rom_sysbios.obj (.text:ti_sysbios_knl_Clock_workFuncDynamic__E)
ti_sysbios_knl_Clock_TimerProxy_getCurrentTick__E  $Tramp$TT$L$PI$$ti_sysbios_knl_Clock_TimerProxy_getCurrentTick__E
   1003b651     000053a4     00002bc6   rom_sysbios.aem4f : rom_sysbios.obj (.text:ti_sysbios_knl_Clock_workFuncDynamic__E)
                             00004aa6                     : rom_sysbios.obj (.text:ti_sysbios_knl_Clock_getTicksUntilInterrupt__E)
ti_sysbios_knl_Clock_getTicks__E  $Tramp$TT$L$PI$$ti_sysbios_knl_Clock_getTicks__E
   1003a925     000053ac     000029f0   empty.obj (.text:mainThread)
                             00002a2c   empty.obj (.text:mainThread)
                             00002a3e   empty.obj (.text:mainThread)
ti_sysbios_knl_Task_restore__E  $Tramp$TT$L$PI$$ti_sysbios_knl_Task_restore__E
   1003ac5d     000053b4     000029ca   rom_sysbios.aem4f : rom_sysbios.obj (.text:ti_sysbios_knl_Task_setPri__E)
                             00002ea0                     : rom_sysbios.obj (.text:_pthread_removeThreadKeys)
                             00002f00                     : rom_sysbios.obj (.text:_pthread_removeThreadKeys)
                             00003d12                     : rom_sysbios.obj (.text:pthread_exit)
                             00004b28   dpl_cc13x2_v1.aem4f : PowerCC26X2_tirtos.oem4f (.text:PowerCC26XX_schedulerRestore)
                             00004c38   rom_sysbios.aem4f : rom_sysbios.obj (.text:_pthread_cleanupFxn)
ti_sysbios_knl_Queue_enqueue__E  $Tramp$TT$L$PI$$ti_sysbios_knl_Queue_enqueue__E
   1003b74d     000053bc     0000299c   rom_sysbios.aem4f : rom_sysbios.obj (.text:ti_sysbios_knl_Task_setPri__E)
                             0000526c                     : rom_sysbios.obj (.text:ti_sysbios_knl_Queue_insert__E)
ti_sysbios_knl_Queue_empty__E  $Tramp$TT$L$PI$$ti_sysbios_knl_Queue_empty__E
   1003b6ad     000053c4     00002984   rom_sysbios.aem4f : rom_sysbios.obj (.text:ti_sysbios_knl_Task_setPri__E)
                             00002e98                     : rom_sysbios.obj (.text:_pthread_removeThreadKeys)
ti_sysbios_knl_Queue_remove__E  $Tramp$TT$L$PI$$ti_sysbios_knl_Queue_remove__E
   1003b6bb     000053cc     0000297e   rom_sysbios.aem4f : rom_sysbios.obj (.text:ti_sysbios_knl_Task_setPri__E)
                             00002ece                     : rom_sysbios.obj (.text:_pthread_removeThreadKeys)
                             00002ed4                     : rom_sysbios.obj (.text:_pthread_removeThreadKeys)
ti_sysbios_knl_Task_disable__E  $Tramp$TT$L$PI$$ti_sysbios_knl_Task_disable__E
   1003b53d     000053d4     00002944   rom_sysbios.aem4f : rom_sysbios.obj (.text:ti_sysbios_knl_Task_setPri__E)
                             00002e8e                     : rom_sysbios.obj (.text:_pthread_removeThreadKeys)
                             00003d06                     : rom_sysbios.obj (.text:pthread_exit)
                             00004876   release_pem4f.oem4f (.text:ti_sysbios_BIOS_atExitFunc__I)
                             00004aee   dpl_cc13x2_v1.aem4f : PowerCC26X2_tirtos.oem4f (.text:PowerCC26XX_schedulerDisable)
                             00004c2a   rom_sysbios.aem4f : rom_sysbios.obj (.text:_pthread_cleanupFxn)
ti_sysbios_knl_Clock_stop__E  $Tramp$TT$L$PI$$ti_sysbios_knl_Clock_stop__E
   1003af29     000053dc     00002792   dpl_cc13x2_v1.aem4f : PowerCC26X2_tirtos.oem4f (.text:PowerCC26XX_standbyPolicy)
ti_sysbios_knl_Clock_start__E  $Tramp$TT$L$PI$$ti_sysbios_knl_Clock_start__E
   1003b599     000053e4     00002786   dpl_cc13x2_v1.aem4f : PowerCC26X2_tirtos.oem4f (.text:PowerCC26XX_standbyPolicy)
ti_sysbios_knl_Clock_setTimeout__E  $Tramp$TT$L$PI$$ti_sysbios_knl_Clock_setTimeout__E
   1003b833     000053ec     00002780   dpl_cc13x2_v1.aem4f : PowerCC26X2_tirtos.oem4f (.text:PowerCC26XX_standbyPolicy)
ti_sysbios_knl_Task_create  $Tramp$TT$L$PI$$ti_sysbios_knl_Task_create
   1003a1ed     000053f4     000022da   rom_sysbios.aem4f : rom_sysbios.obj (.text:pthread_create)
ti_sysbios_knl_Semaphore_construct  $Tramp$TT$L$PI$$ti_sysbios_knl_Semaphore_construct
   1003a95d     000053fc     000022d0   rom_sysbios.aem4f : rom_sysbios.obj (.text:pthread_create)
                             000049da   dpl_cc13x2_v1.aem4f : SemaphoreP_tirtos.oem4f (.text:SemaphoreP_constructBinary)
ti_sysbios_knl_Semaphore_Params__init__S  $Tramp$TT$L$PI$$ti_sysbios_knl_Semaphore_Params__init__S
   1003b759     00005404     000022be   rom_sysbios.aem4f : rom_sysbios.obj (.text:pthread_create)
                             000049ca   dpl_cc13x2_v1.aem4f : SemaphoreP_tirtos.oem4f (.text:SemaphoreP_constructBinary)
                             000049f4                       : SemaphoreP_tirtos.oem4f (.text:SemaphoreP_createBinary)
ti_sysbios_knl_Queue_construct  $Tramp$TT$L$PI$$ti_sysbios_knl_Queue_construct
   1003abfd     0000540c     000022b2   rom_sysbios.aem4f : rom_sysbios.obj (.text:pthread_create)
xdc_runtime_Memory_alloc__E  $Tramp$TT$L$PI$$xdc_runtime_Memory_alloc__E
   1003bab1     00005414     00002262   rom_sysbios.aem4f : rom_sysbios.obj (.text:pthread_create)
                             00004978   release_pem4f.oem4f (.text:ti_sysbios_rts_gnu_MemAlloc_alloc)
ti_sysbios_knl_Task_Params__init__S  $Tramp$TT$L$PI$$ti_sysbios_knl_Task_Params__init__S
   1003b771     0000541c     0000224e   rom_sysbios.aem4f : rom_sysbios.obj (.text:pthread_create)
ti_sysbios_family_arm_m3_Hwi_restoreFxn__E  $Tramp$TT$L$PI$$ti_sysbios_family_arm_m3_Hwi_restoreFxn__E
   1003b7af     00005424     0000209a   drivers_cc13x2_v1.aem4f : GPIOCC26XX.oem4f (.text:GPIO_setConfig)
                             000020c4                           : GPIOCC26XX.oem4f (.text:GPIO_setConfig)
                             000023c8                           : PINCC26XX.oem4f (.text:PINCC26XX_setIoCfg)
                             000024ea                           : GPIOCC26XX.oem4f (.text:GPIO_init)
                             000024f0                           : GPIOCC26XX.oem4f (.text:GPIO_init)
                             00002654                           : PowerCC26X2.oem4f (.text:Power_releaseDependency)
                             00002718                           : PowerCC26X2.oem4f (.text:Power_setDependency)
                             0000393a                           : GPIOCC26XX.oem4f (.text:GPIO_write)
                             00003bee                           : PowerCC26X2_calibrateRCOSC.oem4f (.text:PowerCC26X2_initiateCalibration)
                             00003f06                           : GPIOCC26XX.oem4f (.text:GPIO_enableInt)
                             000042bc                           : PowerCC26X2.oem4f (.text:switchXOSCHF)
                             00004636                           : GPIOCC26XX.oem4f (.text:GPIO_toggle)
                             00004706                           : PowerCC26X2.oem4f (.text:Power_releaseConstraint)
                             00004804                           : PowerCC26X2.oem4f (.text:Power_setConstraint)
                             00004bfc                           : List.oem4f (.text:List_put)
ti_sysbios_knl_Swi_restore__E  $Tramp$TT$L$PI$$ti_sysbios_knl_Swi_restore__E
   1003a83d     0000542c     000013ae   drivers_cc13x2_v1.aem4f : PowerCC26X2.oem4f (.text:Power_sleep)

[55 trampolines]
[102 trampoline calls]


GLOBAL SYMBOLS: SORTED ALPHABETICALLY BY Name 

address   name                                                                 
-------   ----                                                                 
00005950  BoardGpioInitTable                                                   
0000517b  Board_initHook                                                       
00004563  C$$IO$$                                                              
00004dbd  CC1352P_4_LAUNCHXL_initGeneral                                       
000030a5  CC1352P_4_LAUNCHXL_sendExtFlashByte                                  
000042cd  CC1352P_4_LAUNCHXL_shutDownExtFlash                                  
00003fbd  CC1352P_4_LAUNCHXL_wakeUpExtFlash                                    
00005225  ClockP_Params_init                                                   
00003e7d  ClockP_construct                                                     
1003a925  ClockP_getSystemTicks                                                
20001e08  ClockP_tickPeriod                                                    
000059d8  GPIOCC26XX_config                                                    
00003ecd  GPIO_enableInt                                                       
000047b1  GPIO_hwiIntFxn                                                       
000024d1  GPIO_init                                                            
0000498d  GPIO_setCallback                                                     
00002035  GPIO_setConfig                                                       
00004611  GPIO_toggle                                                          
000038e9  GPIO_write                                                           
00001000  HEAPSIZE                                                             
00004135  HOSTclose                                                            
00003551  HOSTlseek                                                            
00003949  HOSTopen                                                             
00003b19  HOSTread                                                             
000035b9  HOSTrename                                                           
00004179  HOSTunlink                                                           
00003b71  HOSTwrite                                                            
000050ef  HwiP_Params_init                                                     
000043cd  HwiP_construct                                                       
00005249  HwiP_disable                                                         
1003b7af  HwiP_restore                                                         
00004bdd  List_put                                                             
00004645  NOROM_AUXSYSIFOpModeChange                                           
00005187  NOROM_CPUcpsid                                                       
00005193  NOROM_CPUcpsie                                                       
00005239  NOROM_CPUdelay                                                       
00004dd9  NOROM_ChipInfo_GetChipFamily                                         
00003f1d  NOROM_ChipInfo_GetChipType                                           
000041bd  NOROM_ChipInfo_GetHwRevision                                         
00004ed1  NOROM_ChipInfo_GetPackageType                                        
00002e01  NOROM_OSCHF_AttemptToSwitchToXosc                                    
00003621  NOROM_OSCHF_SwitchToRcOscTurnOffXosc                                 
00004c05  NOROM_OSCHF_TurnOnXosc                                               
00003479  NOROM_SetupAfterColdResetWakeupFromShutDownCfg1                      
00003129  NOROM_SetupStepVddrTrimTo                                            
00002b19  NOROM_SetupTrimDevice                                                
00004679  NOROM_SysCtrlIdle                                                    
00001cf9  NOROM_SysCtrlStandby                                                 
00004fc1  NOROM_ThisLibraryIsFor_CC13x2_CC26x2_HwRev1x_HaltIfViolated          
00005101  PINCC26XX_getPinCount                                                
00005a64  PINCC26XX_hwAttrs                                                    
000034e5  PIN_add                                                              
00004d81  PIN_close                                                            
00000edd  PIN_init                                                             
00002ce1  PIN_open                                                             
0000519f  PIN_registerIntCb                                                    
000039a9  PIN_remove                                                           
000046ad  PIN_setConfig                                                        
000044fd  PIN_setInterrupt                                                     
00004449  PIN_setOutputValue                                                   
00003321  PowerCC26X2_auxISR                                                   
00005019  PowerCC26X2_calibrate                                                
00005a10  PowerCC26X2_config                                                   
00003bc9  PowerCC26X2_initiateCalibration                                      
20001308  PowerCC26X2_module                                                   
00004e9d  PowerCC26XX_calibrate                                                
00004aed  PowerCC26XX_schedulerDisable                                         
00004b15  PowerCC26XX_schedulerRestore                                         
00002735  PowerCC26XX_standbyPolicy                                            
20001e0c  PowerCC26XX_swiKey                                                   
20001e10  PowerCC26XX_taskKey                                                  
000051ad  Power_getConstraintMask                                              
000051b9  Power_getDependencyCount                                             
00004d9f  Power_getTransitionLatency                                           
00004ee9  Power_idleFunc                                                       
00001aa5  Power_init                                                           
00004b3d  Power_registerNotify                                                 
000046e1  Power_releaseConstraint                                              
000025a9  Power_releaseDependency                                              
000047e1  Power_setConstraint                                                  
00002671  Power_setDependency                                                  
00001255  Power_sleep                                                          
00005434  ROM_constStruct                                                      
0000590c  ROM_externFuncPtrs                                                   
20001110  ROM_stateStruct                                                      
00003c21  ResetISR                                                             
UNDEFED   SHT$$INIT_ARRAY$$Base                                                
UNDEFED   SHT$$INIT_ARRAY$$Limit                                               
000049b9  SemaphoreP_constructBinary                                           
000049e5  SemaphoreP_createBinary                                              
000051c5  SemaphoreP_delete                                                    
000050b9  SemaphoreP_pend                                                      
0000524d  SemaphoreP_post                                                      
00005111  SwiP_Params_init                                                     
[...]
1003b681  ti_sysbios_knl_Task_self__E                                          
1003b691  ti_sysbios_gates_GateMutex_leave__E                                  
1003b69f  ti_sysbios_heaps_HeapMem_restore__E                                  
1003b6ad  ti_sysbios_knl_Queue_empty__E                                        
1003b6bb  ti_sysbios_knl_Queue_remove__E                                       
1003b6c9  ti_sysbios_family_arm_cc26xx_TimestampProvider_getFreq__E            
1003b6c9  xdc_runtime_Timestamp_SupportProxy_getFreq__E                        
1003b6c9  xdc_runtime_Timestamp_SupportProxy_getFreq__E__mangled__             
1003b6c9  xdc_runtime_Timestamp_getFreq__E                                     
1003b6c9  xdc_runtime_Timestamp_getFreq__E                                     
1003b6d5  ti_sysbios_family_arm_m3_Hwi_Params__init__S                         
1003b6d5  ti_sysbios_hal_Hwi_HwiProxy_Params__init__S                          
1003b6d5  ti_sysbios_hal_Hwi_HwiProxy_Params__init__S__mangled__               
1003b6e1  ti_sysbios_family_arm_m3_Hwi_disableFxn__E                           
1003b6ed  ti_sysbios_family_arm_m3_Hwi_enableFxn__E                            
1003b6f9  ti_sysbios_gates_GateHwi_enter__E                                    
1003b705  ti_sysbios_BIOS_RtsGateProxy_Params__init__S                         
1003b705  ti_sysbios_BIOS_RtsGateProxy_Params__init__S__mangled__              
1003b705  ti_sysbios_gates_GateMutex_Params__init__S                           
1003b705  ti_sysbios_heaps_HeapMem_Module_GateProxy_Params__init__S            
1003b705  ti_sysbios_heaps_HeapMem_Module_GateProxy_Params__init__S__mangled__ 
1003b711  ti_sysbios_knl_Clock_Params__init__S                                 
1003b71d  ti_sysbios_knl_Clock_getTimerHandle__E                               
1003b729  ti_sysbios_knl_Event_Params__init__S                                 
1003b735  ti_sysbios_knl_Mailbox_Params__init__S                               
1003b741  ti_sysbios_knl_Queue_dequeue__E                                      
1003b74d  ti_sysbios_knl_Queue_enqueue__E                                      
1003b759  ti_sysbios_knl_Semaphore_Params__init__S                             
1003b765  ti_sysbios_knl_Swi_Params__init__S                                   
1003b771  ti_sysbios_knl_Task_Params__init__S                                  
1003b77d  ti_sysbios_hal_Hwi_Instance_finalize__E                              
1003b787  ti_sysbios_knl_Event_Instance_init__E                                
1003b791  ti_sysbios_family_arm_m3_Hwi_doSwiRestore__I                         
1003b799  ti_sysbios_family_arm_m3_Hwi_startup__E                              
1003b799  ti_sysbios_hal_Hwi_HwiProxy_startup__E                               
1003b799  ti_sysbios_hal_Hwi_HwiProxy_startup__E__mangled__                    
1003b799  ti_sysbios_hal_Hwi_startup__E                                        
1003b799  ti_sysbios_hal_Hwi_startup__E                                        
1003b7a1  ti_sysbios_knl_Idle_loop__E                                          
1003b7a9  ti_sysbios_family_arm_m3_Hwi_doTaskRestore__I                        
1003b7af  HwiP_restore                                                         
1003b7af  ti_sysbios_family_arm_m3_Hwi_restoreFxn__E                           
1003b7b5  ti_sysbios_gates_GateHwi_leave__E                                    
1003b7bb  ti_sysbios_gates_GateMutex_Instance_finalize__E                      
1003b7c1  ti_sysbios_heaps_HeapMem_isBlocking__E                               
1003b7c7  ti_sysbios_knl_Queue_Instance_init__E                                
1003b7cd  ti_sysbios_knl_Queue_elemClear__E                                    
1003b7d3  ti_sysbios_knl_Swi_startup__E                                        
1003b7d9  ti_sysbios_knl_Task_enable__E                                        
1003b7df  ti_sysbios_BIOS_RtsGateProxy_enter__E                                
1003b7e3  ti_sysbios_BIOS_RtsGateProxy_leave__E                                
1003b7e7  ti_sysbios_family_arm_cc26xx_Timer_getExpiredTicks__E                
1003b7eb  ti_sysbios_family_arm_cc26xx_Timer_getPeriod__E                      
1003b7ef  ti_sysbios_family_arm_cc26xx_Timer_setPeriod__E                      
1003b7f3  ti_sysbios_family_arm_m3_Hwi_delete                                  
1003b7f7  ti_sysbios_family_arm_m3_Hwi_destruct                                
1003b7fb  ti_sysbios_family_arm_m3_TaskSupport_Module__startupDone__S          
1003b7fb  ti_sysbios_knl_Task_SupportProxy_Module__startupDone__S              
1003b7fb  ti_sysbios_knl_Task_SupportProxy_Module__startupDone__S__mangled__   
1003b7ff  ti_sysbios_gates_GateHwi_query__E                                    
1003b7ff  xdc_runtime_Main_Module_GateProxy_query__E                           
1003b7ff  xdc_runtime_System_Module_GateProxy_query__E                         
1003b7ff  xdc_runtime_System_Module_GateProxy_query__E__mangled__              
1003b803  ti_sysbios_gates_GateMutex_delete                                    
1003b807  ti_sysbios_gates_GateMutex_destruct                                  
1003b80b  ti_sysbios_BIOS_RtsGateProxy_query__E                                
1003b80b  ti_sysbios_BIOS_RtsGateProxy_query__E__mangled__                     
1003b80b  ti_sysbios_gates_GateMutex_query__E                                  
1003b80b  ti_sysbios_heaps_HeapMem_Module_GateProxy_query__E                   
1003b80b  ti_sysbios_heaps_HeapMem_Module_GateProxy_query__E__mangled__        
1003b80f  ti_sysbios_hal_Hwi_HwiProxy_delete                                   
1003b813  ti_sysbios_hal_Hwi_delete                                            
1003b817  ti_sysbios_heaps_HeapMem_Module_GateProxy_enter__E                   
1003b81b  ti_sysbios_heaps_HeapMem_Module_GateProxy_leave__E                   
1003b81f  ti_sysbios_knl_Clock_TimerProxy_getExpiredTicks__E                   
1003b823  ti_sysbios_knl_Clock_TimerProxy_getPeriod__E                         
1003b827  ti_sysbios_knl_Clock_delete                                          
1003b82b  ti_sysbios_knl_Clock_destruct                                        
1003b82f  ti_sysbios_knl_Clock_removeI__E                                      
1003b833  ti_sysbios_knl_Clock_setTimeout__E                                   
1003b837  ti_sysbios_knl_Event_delete                                          
1003b83b  ti_sysbios_knl_Event_destruct                                        
1003b83f  ti_sysbios_knl_Mailbox_delete                                        
1003b843  ti_sysbios_knl_Mailbox_destruct                                      
1003b847  ti_sysbios_knl_Queue_delete                                          
1003b84b  ti_sysbios_knl_Queue_destruct                                        
1003b84f  ti_sysbios_knl_Queue_head__E                                         
1003b853  ti_sysbios_knl_Queue_next__E                                         
1003b857  ti_sysbios_knl_Semaphore_delete                                      
1003b85b  ti_sysbios_knl_Semaphore_destruct                                    
1003b85f  ti_sysbios_knl_Swi_delete                                            
1003b863  ti_sysbios_knl_Swi_destruct                                          
1003b867  ti_sysbios_knl_Swi_postInit__I                                       
1003b86b  ti_sysbios_knl_Task_delete                                           
1003b86f  ti_sysbios_knl_Task_destruct                                         
1003b873  ti_sysbios_knl_Task_startup__E                                       
1003b879  xdc_runtime_Startup_startMods__I                                     
1003ba31  xdc_runtime_Core_createObject__I                                     
1003bab1  xdc_runtime_Memory_alloc__E                                          
1003bb21  xdc_runtime_Core_deleteObject__I                                     
1003bb7f  xdc_runtime_Error_policySpin__E                                      
1003bb81  xdc_runtime_Assert_raise__I                                          
1003bbd5  xdc_runtime_Startup_exec__E                                          
1003bc29  xdc_runtime_System_atexit__E                                         
1003bc75  xdc_runtime_Core_assignParams__I                                     
1003bcbd  xdc_runtime_Core_constructObject__I                                  
1003bd4d  xdc_runtime_System_processAtExit__E                                  
1003bd8d  xdc_runtime_Core_assignLabel__I                                      
1003bdbd  xdc_runtime_Text_cordText__E                                         
1003bde9  xdc_runtime_System_abort__E                                          
1003be11  xdc_runtime_Error_raiseX__E                                          
1003be31  xdc_runtime_Error_check__E                                           
1003be4d  xdc_runtime_Memory_valloc__E                                         
1003be69  xdc_runtime_System_exit__E                                           
1003be85  xdc_runtime_Text_ropeText__E                                         
1003bea1  xdc_runtime_Core_destructObject__I                                   
1003beb9  xdc_runtime_Memory_free__E                                           
1003becd  xdc_runtime_SysCallback_abort__E                                     
1003becd  xdc_runtime_System_SupportProxy_abort__E                             
1003bee1  xdc_runtime_SysCallback_exit__E                                      
1003bee1  xdc_runtime_System_SupportProxy_exit__E                              
1003bef5  xdc_runtime_Memory_getMaxDefaultTypeAlign__E                         
1003bf35  xdc_runtime_Timestamp_SupportProxy_get32__E                          
1003bf35  xdc_runtime_Timestamp_get32__E                                       
1003bf35  xdc_runtime_Timestamp_get32__E                                       
1003bf51  xdc_runtime_Memory_calloc__E                                         
1003bf5d  xdc_runtime_Startup_rtsDone__E                                       
1003bf69  xdc_runtime_Memory_HeapProxy_alloc__E                                
1003bf73  xdc_runtime_Memory_HeapProxy_free__E                                 
1003bf7d  xdc_runtime_Gate_leaveSystem__E                                      
1003bf83  xdc_runtime_System_Module_startup__E                                 
1003bf89  xdc_runtime_Gate_enterSystem__E                                      
1003bf8d  xdc_runtime_SysCallback_Module__startupDone__S                       
1003bf8d  xdc_runtime_System_SupportProxy_Module__startupDone__S               
1003bf91  xdc_runtime_System_Module_GateProxy_enter__E                         
1003bf95  xdc_runtime_System_Module_GateProxy_leave__E                         
1003bf99  xdc_runtime_System_abortSpin__E                                      
1003bf9b  xdc_runtime_System_exitSpin__E                                       
1003bf9d  ti_sysbios_family_arm_m3_Hwi_dispatch__I                             
1003c095  ti_sysbios_family_arm_m3_TaskSupport_buildTaskStack                  
1003c121  ti_sysbios_family_arm_m3_Hwi_initStacks__E                           
1003c179  ti_sysbios_family_arm_m3_Hwi_pendSV__I                               
1003c19d  ti_sysbios_family_arm_m3_Hwi_return                                  
1003c1a1  ti_sysbios_family_arm_m3_Hwi_excHandlerAsm__I                        
1003c1c1  ti_sysbios_family_xxx_Hwi_switchAndRunFunc                           
1003c1df  ti_sysbios_family_arm_m3_TaskSupport_swap__E                         
1003c1df  ti_sysbios_knl_Task_SupportProxy_swap__E                             
1003c1df  ti_sysbios_knl_Task_SupportProxy_swap__E__mangled__                  
1003c1eb  ti_sysbios_knl_Task_swapReturn                                       
1003c1f7  ti_sysbios_family_arm_m3_TaskSupport_glue                            
1003c208  ti_sysbios_knl_Task_Object__PARAMS__C                                
1003c244  ti_sysbios_knl_Mailbox_Object__PARAMS__C                             
1003c278  ti_sysbios_family_arm_m3_Hwi_Object__PARAMS__C                       
1003c2a8  ti_sysbios_hal_Hwi_Object__PARAMS__C                                 
1003c2d4  ti_sysbios_knl_Swi_Object__PARAMS__C                                 
1003c2fc  ti_sysbios_heaps_HeapMem_Object__PARAMS__C                           
1003c320  ti_sysbios_knl_Clock_Object__PARAMS__C                               
1003c344  ti_sysbios_knl_Semaphore_Object__PARAMS__C                           
1003c368  ti_sysbios_gates_GateHwi_Object__PARAMS__C                           
1003c380  ti_sysbios_gates_GateMutex_Object__PARAMS__C                         
1003c398  ti_sysbios_knl_Event_Object__PARAMS__C                               
1003c3b0  ti_sysbios_knl_Queue_Object__PARAMS__C                               
20000000  ti_sysbios_family_arm_m3_Hwi_ramVectors                              
20000100  xdcRomConstPtr                                                       
20000104  xdcRomExternFuncPtr                                                  
20000108  xdcRomStatePtr                                                       
20000110  __primary_heap_start__                                               
20001110  ROM_stateStruct                                                      
20001110  __primary_heap_end__                                                 
20001110  ti_sysbios_knl_Clock_Module__state__V                                
2000113c  ti_sysbios_family_arm_cc26xx_TimestampProvider_Module__state__V      
20001140  xdc_runtime_Startup_Module__state__V                                 
20001148  ti_sysbios_BIOS_Module__state__V                                     
2000116c  ti_sysbios_knl_Swi_Module__state__V                                  
20001188  ti_sysbios_knl_Task_Module__state__V                                 
200011cc  xdc_runtime_Memory_Module__state__V                                  
200011d0  xdc_runtime_System_Module__state__V                                  
200011d8  ti_sysbios_family_arm_m3_Hwi_Module__state__V                        
2000120c  xdc_runtime_Error_Module__state__V                                   
20001210  ti_sysbios_family_arm_cc26xx_Timer_Module__state__V                  
20001218  _ftable                                                              
20001308  PowerCC26X2_module                                                   
20001458  _device                                                              
200014d0  ti_sysbios_gates_GateMutex_Object__table__V                          
20001524  _stream                                                              
20001574  ti_sysbios_knl_Task_Object__table__V                                 
200015c0  ti_sysbios_family_arm_cc26xx_Timer_Object__table__V                  
20001608  ti_sysbios_knl_Swi_Module_State_0_readyQ__A                          
20001638  ti_sysbios_knl_Swi_Object__table__V                                  
20001668  ti_sysbios_knl_Task_Module_State_0_readyQ__A                         
20001698  gpioPinConfigs                                                       
200016c0  ti_sysbios_knl_Clock_Object__table__V                                
200016e0  xdc_runtime_Error_IgnoreBlock                                        
20001700  ti_sysbios_family_arm_m3_Hwi_Object__table__V                        
20001718  ti_sysbios_heaps_HeapMem_Object__table__V                            
20001730  gpioCallbackFunctions                                                
20001740  __TI_ft_end                                                          
20001744  __aeabi_stdin                                                        
20001748  __aeabi_stdout                                                       
2000174c  __aeabi_stderr                                                       
20001750  __TI_cleanup_ptr                                                     
20001754  __TI_dtors_ptr                                                       
20001758  __TI_enable_exit_profile_output                                      
2000175c  _lock                                                                
20001760  _unlock                                                              
20001764  pinUpperBound                                                        
20001768  pinLowerBound                                                        
2000176c  ti_sysbios_family_arm_m3_Hwi_Module__root__V                         
20001774  ti_sysbios_gates_GateHwi_Module__root__V                             
2000177c  ti_sysbios_gates_GateMutex_Module__root__V                           
20001784  ti_sysbios_hal_Hwi_Module__root__V                                   
2000178c  ti_sysbios_heaps_HeapMem_Module__root__V                             
20001794  ti_sysbios_knl_Clock_Module__root__V                                 
2000179c  ti_sysbios_knl_Event_Module__root__V                                 
200017a4  ti_sysbios_knl_Mailbox_Module__root__V                               
200017ac  ti_sysbios_knl_Queue_Module__root__V                                 
200017b4  ti_sysbios_knl_Semaphore_Module__root__V                             
200017bc  ti_sysbios_knl_Swi_Module__root__V                                   
200017c4  ti_sysbios_knl_Task_Module__root__V                                  
200017cc  xdc_runtime_System_Module_State_0_atexitHandlers__A                  
200017da  ti_sysbios_family_arm_m3_Hwi_Module_State_0_excActive__A             
200017e0  main_func_sp                                                         
200017e4  ti_sysbios_family_arm_m3_Hwi_Module_State_0_excContext__A            
200017e8  ti_sysbios_family_arm_m3_Hwi_Module_State_0_excStack__A              
200017ec  ti_sysbios_knl_Task_Module_State_0_idleTask__A                       
200017f0  ti_sysbios_knl_Task_Instance_State_0_stack__A                        
200019f0  __CIOBUF_                                                            
20001b10  ti_sysbios_family_arm_m3_Hwi_dispatchTable                           
20001be8  __TI_tmpnams                                                         
20001c88  pinHandleTable                                                       
20001df8  parmbuf                                                              
20001e08  ClockP_tickPeriod                                                    
20001e0c  PowerCC26XX_swiKey                                                   
20001e10  PowerCC26XX_taskKey                                                  
20001e14  driverlib_release_0_52354                                            
20013c00  __stack                                                              
20014000  __STACK_END                                                          
e000e000  ti_sysbios_family_arm_m3_Hwi_nvic                                    
ffffffff  __TI_pprof_out_hndl                                                  
ffffffff  __TI_prof_data_size                                                  
ffffffff  __TI_prof_data_start                                                 
ffffffff  __binit__                                                            
ffffffff  __c_args__                                                           
ffffffff  binit                                                                
UNDEFED   SHT$$INIT_ARRAY$$Base                                                
UNDEFED   SHT$$INIT_ARRAY$$Limit                                               

[820 symbols]
